Component: ARM Compiler 5.05 update 1 (build 106) Tool: armlink [4d0efa]

==============================================================================

Section Cross References

    main.o(.text) refers to ult.o(.text) for Systick_Init
    main.o(.text) refers to device.o(.text) for NVIC_Configuration
    main.o(.text) refers to spi2.o(.text) for WIZ_SPI_Init
    main.o(.text) refers to usart.o(.text) for USART1_Init
    main.o(.text) refers to 24c16.o(.text) for at24c16_init
    main.o(.text) refers to printfa.o(i.__0printf) for __2printf
    main.o(.text) refers to rand.o(.text) for srand
    main.o(.text) refers to memseta.o(.text) for __aeabi_memclr
    main.o(.text) refers to mqtt.o(.text) for do_mqtt_subscrib
    main.o(.text) refers to main.o(.bss) for meassage
    stm32f10x_it.o(.text) refers to stm32f10x_tim.o(.text) for TIM_GetITStatus
    stm32f10x_it.o(.text) refers to dht11.o(.text) for DHT11_GetValue
    stm32f10x_it.o(.text) refers to ffltui.o(.text) for __aeabi_ui2f
    stm32f10x_it.o(.text) refers to f2d.o(.text) for __aeabi_f2d
    stm32f10x_it.o(.text) refers to printfa.o(i.__0printf) for __2printf
    stm32f10x_it.o(.text) refers to printfa.o(i.__0sprintf) for __2sprintf
    stm32f10x_it.o(.text) refers to mqtt.o(.text) for do_mqtt_publish
    stm32f10x_it.o(.text) refers to mqttconnectclient.o(.text) for MQTTSerialize_pingreq
    stm32f10x_it.o(.text) refers to transport.o(.text) for transport_sendPacketBuffer
    stm32f10x_it.o(.text) refers to stm32f10x_it.o(.data) for timePUB
    stm32f10x_it.o(.text) refers to stm32f10x_it.o(.bss) for meassage
    startup_stm32f10x_hd.o(RESET) refers to startup_stm32f10x_hd.o(STACK) for __initial_sp
    startup_stm32f10x_hd.o(RESET) refers to startup_stm32f10x_hd.o(.text) for Reset_Handler
    startup_stm32f10x_hd.o(RESET) refers to stm32f10x_it.o(.text) for NMI_Handler
    startup_stm32f10x_hd.o(RESET) refers to usart.o(.text) for USART1_IRQHandler
    startup_stm32f10x_hd.o(.text) refers to system_stm32f10x.o(.text) for SystemInit
    startup_stm32f10x_hd.o(.text) refers to entry.o(.ARM.Collect$$$$00000000) for __main
    system_stm32f10x.o(.text) refers to system_stm32f10x.o(.data) for SystemCoreClock
    stm32f10x_bkp.o(.text) refers to stm32f10x_rcc.o(.text) for RCC_BackupResetCmd
    stm32f10x_gpio.o(.text) refers to stm32f10x_rcc.o(.text) for RCC_APB2PeriphResetCmd
    stm32f10x_i2c.o(.text) refers to stm32f10x_rcc.o(.text) for RCC_APB1PeriphResetCmd
    stm32f10x_rcc.o(.text) refers to stm32f10x_rcc.o(.data) for APBAHBPrescTable
    stm32f10x_spi.o(.text) refers to stm32f10x_rcc.o(.text) for RCC_APB2PeriphResetCmd
    stm32f10x_tim.o(.text) refers to stm32f10x_rcc.o(.text) for RCC_APB2PeriphResetCmd
    stm32f10x_usart.o(.text) refers to stm32f10x_rcc.o(.text) for RCC_APB2PeriphResetCmd
    stm32f10x_wwdg.o(.text) refers to stm32f10x_rcc.o(.text) for RCC_APB1PeriphResetCmd
    w5500.o(.text) refers to spi2.o(.text) for WIZ_CS
    w5500.o(.text) refers to printfa.o(i.__0printf) for __2printf
    w5500.o(.text) refers to w5500.o(.data) for I_STATUS
    w5500.o(.text) refers to w5500.o(.bss) for RSIZE
    24c16.o(.text) refers to stm32f10x_gpio.o(.text) for GPIO_Init
    24c16.o(.text) refers to ult.o(.text) for Delay_us
    md5.o(.text) refers to memseta.o(.text) for __aeabi_memclr4
    md5.o(.text) refers to memcpya.o(.text) for __aeabi_memcpy
    md5.o(.text) refers to md5.o(.data) for padding
    socket.o(.text) refers to w5500.o(.text) for IINCHIP_WRITE
    socket.o(.text) refers to printfa.o(i.__0printf) for __2printf
    socket.o(.text) refers to socket.o(.data) for local_port
    spi2.o(.text) refers to stm32f10x_rcc.o(.text) for RCC_APB1PeriphClockCmd
    spi2.o(.text) refers to stm32f10x_gpio.o(.text) for GPIO_Init
    spi2.o(.text) refers to stm32f10x_spi.o(.text) for SPI_Init
    ult.o(.text) refers to memseta.o(.text) for __aeabi_memset
    ult.o(.text) refers to strstr.o(.text) for strstr
    ult.o(.text) refers to strlen.o(.text) for strlen
    ult.o(.text) refers to strncpy.o(.text) for strncpy
    ult.o(.text) refers to strcpy.o(.text) for strcpy
    ult.o(.text) refers to strtok.o(.text) for strtok
    ult.o(.text) refers to ult.o(.data) for fac_us
    device.o(.text) refers to stm32f10x_rcc.o(.text) for RCC_APB2PeriphClockCmd
    device.o(.text) refers to stm32f10x_gpio.o(.text) for GPIO_Init
    device.o(.text) refers to ult.o(.text) for Delay_us
    device.o(.text) refers to w5500.o(.text) for setSHAR
    device.o(.text) refers to printfa.o(i.__0printf) for __2printf
    device.o(.text) refers to 24c16.o(.text) for at24c16_write
    device.o(.text) refers to misc.o(.text) for NVIC_PriorityGroupConfig
    device.o(.text) refers to stm32f10x_tim.o(.text) for TIM_TimeBaseInit
    device.o(.text) refers to device.o(.bss) for ConfigMsg
    device.o(.text) refers to device.o(.data) for rxsize
[...]
    .text                                    0x08003550   Section        0  device.o(.text)
    .text                                    0x080038e4   Section        0  usart.o(.text)
    .text                                    0x08003ad8   Section        0  mqtt.o(.text)
    .text                                    0x08004050   Section        0  transport.o(.text)
    .text                                    0x0800424c   Section        0  cjson.o(.text)
    cJSON_strcasecmp                         0x08004253   Thumb Code    76  cjson.o(.text)
    cJSON_strdup                             0x0800429f   Thumb Code    40  cjson.o(.text)
    cJSON_New_Item                           0x080042f7   Thumb Code    26  cjson.o(.text)
    parse_number                             0x08004363   Thumb Code   432  cjson.o(.text)
    pow2gt                                   0x08004513   Thumb Code    28  cjson.o(.text)
    ensure                                   0x0800452f   Thumb Code   104  cjson.o(.text)
    update                                   0x08004597   Thumb Code    32  cjson.o(.text)
    print_number                             0x080045b7   Thumb Code   396  cjson.o(.text)
    parse_hex4                               0x08004743   Thumb Code   276  cjson.o(.text)
    parse_string                             0x08004857   Thumb Code   448  cjson.o(.text)
    print_string_ptr                         0x08004a17   Thumb Code   498  cjson.o(.text)
    print_string                             0x08004c09   Thumb Code    16  cjson.o(.text)
    skip                                     0x08004c19   Thumb Code    18  cjson.o(.text)
    parse_object                             0x08004c2b   Thumb Code   270  cjson.o(.text)
    parse_array                              0x08004d39   Thumb Code   166  cjson.o(.text)
    parse_value                              0x08004ddf   Thumb Code   158  cjson.o(.text)
    print_object                             0x08004f25   Thumb Code  1052  cjson.o(.text)
    print_array                              0x08005341   Thumb Code   578  cjson.o(.text)
    print_value                              0x08005583   Thumb Code   290  cjson.o(.text)
    suffix_object                            0x0800573f   Thumb Code     6  cjson.o(.text)
    create_reference                         0x08005745   Thumb Code    48  cjson.o(.text)
    .text                                    0x08005ccc   Section        0  dht11.o(.text)
    .text                                    0x08005db8   Section        0  mqttconnectclient.o(.text)
    .text                                    0x0800607c   Section        0  mqttdeserializepublish.o(.text)
    .text                                    0x08006210   Section        0  mqttpacket.o(.text)
    MQTTPacket_decodenb                      0x080064d7   Thumb Code   102  mqttpacket.o(.text)
    .text                                    0x08006610   Section        0  mqttserializepublish.o(.text)
    .text                                    0x0800679e   Section        0  mqttsubscribeclient.o(.text)
    .text                                    0x0800690e   Section        0  tolower.o(.text)
    .text                                    0x0800691c   Section        0  rand.o(.text)
    .text                                    0x08006940   Section        0  memcpya.o(.text)
    .text                                    0x08006964   Section        0  memseta.o(.text)
    .text                                    0x08006988   Section        0  strcat.o(.text)
    .text                                    0x080069a0   Section        0  strstr.o(.text)
    .text                                    0x080069c4   Section        0  strncpy.o(.text)
    .text                                    0x080069dc   Section        0  strchr.o(.text)
    .text                                    0x080069f0   Section        0  strlen.o(.text)
    .text                                    0x080069fe   Section        0  strcmp.o(.text)
    .text                                    0x08006a1a   Section        0  strcpy.o(.text)
    .text                                    0x08006a2c   Section        0  strncmp.o(.text)
    .text                                    0x08006a4c   Section        0  strtok.o(.text)
    .text                                    0x08006a90   Section        0  dadd.o(.text)
    .text                                    0x08006bde   Section        0  dmul.o(.text)
    .text                                    0x08006cc2   Section        0  fflti.o(.text)
    .text                                    0x08006cd4   Section        0  ffltui.o(.text)
    .text                                    0x08006cde   Section        0  dflti.o(.text)
    .text                                    0x08006d00   Section        0  dfixi.o(.text)
    .text                                    0x08006d3e   Section        0  f2d.o(.text)
    .text                                    0x08006d64   Section       48  cdcmple.o(.text)
    .text                                    0x08006d94   Section       48  cdrcmple.o(.text)
    .text                                    0x08006dc4   Section        0  uidiv.o(.text)
    .text                                    0x08006df0   Section        0  uldiv.o(.text)
    .text                                    0x08006e52   Section        0  llshl.o(.text)
    .text                                    0x08006e70   Section        0  llushr.o(.text)
    .text                                    0x08006e90   Section        0  llsshr.o(.text)
    .text                                    0x08006eb4   Section        0  iusefp.o(.text)
    .text                                    0x08006eb4   Section        0  fepilogue.o(.text)
    .text                                    0x08006f22   Section        0  depilogue.o(.text)
    .text                                    0x08006fdc   Section        0  ddiv.o(.text)
    .text                                    0x080070ba   Section        0  dscalb.o(.text)
    .text                                    0x080070e8   Section        0  dfixul.o(.text)
    .text                                    0x08007118   Section       36  init.o(.text)
    .text                                    0x0800713c   Section        0  dsqrt.o(.text)
    i.__0printf                              0x080071e0   Section        0  printfa.o(i.__0printf)
    i.__0sprintf                             0x08007200   Section        0  printfa.o(i.__0sprintf)
    i.__ARM_fpclassify                       0x08007228   Section        0  fpclassify.o(i.__ARM_fpclassify)
    i.__kernel_poly                          0x08007250   Section        0  poly.o(i.__kernel_poly)
    i.__mathlib_dbl_divzero                  0x080072fc   Section        0  dunder.o(i.__mathlib_dbl_divzero)
    i.__mathlib_dbl_infnan2                  0x0800730c   Section        0  dunder.o(i.__mathlib_dbl_infnan2)
    i.__mathlib_dbl_invalid                  0x08007310   Section        0  dunder.o(i.__mathlib_dbl_invalid)
    i.__mathlib_dbl_overflow                 0x0800731c   Section        0  dunder.o(i.__mathlib_dbl_overflow)
    i.__mathlib_dbl_underflow                0x0800732c   Section        0  dunder.o(i.__mathlib_dbl_underflow)
    i.__scatterload_copy                     0x0800733c   Section       14  handlers.o(i.__scatterload_copy)
    i.__scatterload_null                     0x0800734a   Section        2  handlers.o(i.__scatterload_null)
    i.__scatterload_zeroinit                 0x0800734c   Section       14  handlers.o(i.__scatterload_zeroinit)
    i.__set_errno                            0x0800735c   Section        0  errno.o(i.__set_errno)
    i._fp_digits                             0x08007368   Section        0  printfa.o(i._fp_digits)
    _fp_digits                               0x08007369   Thumb Code   334  printfa.o(i._fp_digits)
    i._printf_core                           0x080074cc   Section        0  printfa.o(i._printf_core)
    _printf_core                             0x080074cd   Thumb Code  1744  printfa.o(i._printf_core)
    i._printf_post_padding                   0x08007ba8   Section        0  printfa.o(i._printf_post_padding)
    _printf_post_padding                     0x08007ba9   Thumb Code    36  printfa.o(i._printf_post_padding)
    i._printf_pre_padding                    0x08007bcc   Section        0  printfa.o(i._printf_pre_padding)
    _printf_pre_padding                      0x08007bcd   Thumb Code    46  printfa.o(i._printf_pre_padding)
    i._sputc                                 0x08007bfa   Section        0  printfa.o(i._sputc)
    _sputc                                   0x08007bfb   Thumb Code    10  printfa.o(i._sputc)
    i.floor                                  0x08007c04   Section        0  floor.o(i.floor)
    i.free                                   0x08007ce0   Section        0  malloc.o(i.free)
    i.malloc                                 0x08007d30   Section        0  malloc.o(i.malloc)
    i.pow                                    0x08007d9c   Section        0  pow.o(i.pow)
    i.sqrt                                   0x08008754   Section        0  sqrt.o(i.sqrt)
    .constdata                               0x080087a0   Section      176  mqtt.o(.constdata)
    .constdata                               0x08008850   Section        7  cjson.o(.constdata)
    firstByteMark                            0x08008850   Data           7  cjson.o(.constdata)
    .constdata                               0x08008858   Section      136  pow.o(.constdata)
    bp                                       0x08008858   Data          16  pow.o(.constdata)
    dp_h                                     0x08008868   Data          16  pow.o(.constdata)
    dp_l                                     0x08008878   Data          16  pow.o(.constdata)
    L                                        0x08008888   Data          48  pow.o(.constdata)
    P                                        0x080088b8   Data          40  pow.o(.constdata)
    .constdata                               0x080088e0   Section        8  qnan.o(.constdata)
    .conststring                             0x080088e8   Section       66  usart.o(.conststring)
    .data                                    0x20000000   Section       22  main.o(.data)
    .data                                    0x20000018   Section        8  stm32f10x_it.o(.data)
    timePUB                                  0x20000018   Data           4  stm32f10x_it.o(.data)
    timeSUB                                  0x2000001c   Data           4  stm32f10x_it.o(.data)
    .data                                    0x20000020   Section       20  system_stm32f10x.o(.data)
    .data                                    0x20000034   Section       20  stm32f10x_rcc.o(.data)
    APBAHBPrescTable                         0x20000034   Data          16  stm32f10x_rcc.o(.data)
    ADCPrescTable                            0x20000044   Data           4  stm32f10x_rcc.o(.data)
    .data                                    0x20000048   Section        8  w5500.o(.data)
    I_STATUS                                 0x20000048   Data           8  w5500.o(.data)
    .data                                    0x20000050   Section        2  socket.o(.data)
    local_port                               0x20000050   Data           2  socket.o(.data)
    .data                                    0x20000052   Section        4  ult.o(.data)
    fac_us                                   0x20000052   Data           1  ult.o(.data)
    fac_ms                                   0x20000054   Data           2  ult.o(.data)
    .data                                    0x20000056   Section       16  device.o(.data)
    .data                                    0x20000068   Section       12  cjson.o(.data)
    ep                                       0x20000068   Data           4  cjson.o(.data)
    cJSON_malloc                             0x2000006c   Data           4  cjson.o(.data)
    cJSON_free                               0x20000070   Data           4  cjson.o(.data)
    .data                                    0x20000074   Section        4  mqttpacket.o(.data)
    bufptr                                   0x20000074   Data           4  mqttpacket.o(.data)
    .data                                    0x20000078   Section        4  rand.o(.data)
    _rand_state                              0x20000078   Data           4  rand.o(.data)
    .data                                    0x2000007c   Section        4  strtok.o(.data)
    state                                    0x2000007c   Data           4  strtok.o(.data)
    .data                                    0x20000080   Section        4  stdout.o(.data)
    .data                                    0x20000084   Section        4  mvars.o(.data)
    .data                                    0x20000088   Section        4  mvars.o(.data)
    .data                                    0x2000008c   Section        4  errno.o(.data)
    _errno                                   0x2000008c   Data           4  errno.o(.data)
    .bss                                     0x20000090   Section     2248  main.o(.bss)
    meassage                                 0x20000890   Data         200  main.o(.bss)
    .bss                                     0x20000958   Section      100  stm32f10x_it.o(.bss)
    meassage                                 0x20000958   Data         100  stm32f10x_it.o(.bss)
    .bss                                     0x200009bc   Section       32  w5500.o(.bss)
    SSIZE                                    0x200009bc   Data          16  w5500.o(.bss)
    RSIZE                                    0x200009cc   Data          16  w5500.o(.bss)
    .bss                                     0x200009dc   Section     1526  device.o(.bss)
    .bss                                     0x20000fd2   Section      400  usart.o(.bss)
    meassage                                 0x2000109a   Data         200  usart.o(.bss)
    HEAP                                     0x20001168   Section      512  startup_stm32f10x_hd.o(HEAP)
    STACK                                    0x20001368   Section     1024  startup_stm32f10x_hd.o(STACK)

    Global Symbols

    Symbol Name                              Value     Ov Type        Size  Object(Section)

    BuildAttributes$$THM_ISAv4$P$D$K$B$S$PE$A:L22UL41UL21$X:L11$S22US41US21$IEEE1$IW$USESV6$~STKCKD$USESV7$~SHL$OTIME$ROPI$IEEEX$EBA8$MICROLIB$REQ8$PRES8$EABIv2 0x00000000   Number         0  anon$$obj.o ABSOLUTE
    __ARM_use_no_argv                        0x00000000   Number         0  main.o ABSOLUTE
    _printf_a                                0x00000000   Number         0  stubs.o ABSOLUTE
    _printf_c                                0x00000000   Number         0  stubs.o ABSOLUTE
    _printf_charcount                        0x00000000   Number         0  stubs.o ABSOLUTE
    _printf_d                                0x00000000   Number         0  stubs.o ABSOLUTE
    _printf_e                                0x00000000   Number         0  stubs.o ABSOLUTE
    _printf_f                                0x00000000   Number         0  stubs.o ABSOLUTE
    _printf_flags                            0x00000000   Number         0  stubs.o ABSOLUTE
    _printf_fp_dec                           0x00000000   Number         0  stubs.o ABSOLUTE
    _printf_fp_hex                           0x00000000   Number         0  stubs.o ABSOLUTE
    _printf_g                                0x00000000   Number         0  stubs.o ABSOLUTE
    _printf_i                                0x00000000   Number         0  stubs.o ABSOLUTE
    _printf_int_dec                          0x00000000   Number         0  stubs.o ABSOLUTE
    _printf_l                                0x00000000   Number         0  stubs.o ABSOLUTE
    _printf_lc                               0x00000000   Number         0  stubs.o ABSOLUTE
    _printf_ll                               0x00000000   Number         0  stubs.o ABSOLUTE
    _printf_lld                              0x00000000   Number         0  stubs.o ABSOLUTE
    _printf_lli                              0x00000000   Number         0  stubs.o ABSOLUTE
    _printf_llo                              0x00000000   Number         0  stubs.o ABSOLUTE
    _printf_llu                              0x00000000   Number         0  stubs.o ABSOLUTE
    _printf_llx                              0x00000000   Number         0  stubs.o ABSOLUTE
    _printf_longlong_dec                     0x00000000   Number         0  stubs.o ABSOLUTE
    _printf_longlong_hex                     0x00000000   Number         0  stubs.o ABSOLUTE
    _printf_longlong_oct                     0x00000000   Number         0  stubs.o ABSOLUTE
    _printf_ls                               0x00000000   Number         0  stubs.o ABSOLUTE
    _printf_mbtowc                           0x00000000   Number         0  stubs.o ABSOLUTE
    _printf_n                                0x00000000   Number         0  stubs.o ABSOLUTE
    _printf_o                                0x00000000   Number         0  stubs.o ABSOLUTE
    _printf_p                                0x00000000   Number         0  stubs.o ABSOLUTE
    _printf_percent                          0x00000000   Number         0  stubs.o ABSOLUTE
    _printf_pre_padding                      0x00000000   Number         0  stubs.o ABSOLUTE
    _printf_return_value                     0x00000000   Number         0  stubs.o ABSOLUTE
    _printf_s                                0x00000000   Number         0  stubs.o ABSOLUTE
    _printf_sizespec                         0x00000000   Number         0  stubs.o ABSOLUTE
    _printf_str                              0x00000000   Number         0  stubs.o ABSOLUTE
    _printf_truncate_signed                  0x00000000   Number         0  stubs.o ABSOLUTE
    _printf_truncate_unsigned                0x00000000   Number         0  stubs.o ABSOLUTE
    _printf_u                                0x00000000   Number         0  stubs.o ABSOLUTE
    _printf_wc                               0x00000000   Number         0  stubs.o ABSOLUTE
    _printf_wctomb                           0x00000000   Number         0  stubs.o ABSOLUTE
    _printf_widthprec                        0x00000000   Number         0  stubs.o ABSOLUTE
    _printf_x                                0x00000000   Number         0  stubs.o ABSOLUTE
    __cpp_initialize__aeabi_                  - Undefined Weak Reference
    __cxa_finalize                            - Undefined Weak Reference
    __decompress                              - Undefined Weak Reference
    _clock_init                               - Undefined Weak Reference
    _microlib_exit                            - Undefined Weak Reference
    __Vectors_Size                           0x00000130   Number         0  startup_stm32f10x_hd.o ABSOLUTE
    __Vectors                                0x08000000   Data           4  startup_stm32f10x_hd.o(RESET)
    __Vectors_End                            0x08000130   Data           0  startup_stm32f10x_hd.o(RESET)
    __main                                   0x08000131   Thumb Code     0  entry.o(.ARM.Collect$$$$00000000)
    _main_stk                                0x08000131   Thumb Code     0  entry2.o(.ARM.Collect$$$$00000001)
    _main_scatterload                        0x08000135   Thumb Code     0  entry5.o(.ARM.Collect$$$$00000004)
    __main_after_scatterload                 0x08000139   Thumb Code     0  entry5.o(.ARM.Collect$$$$00000004)
    _main_clock                              0x08000139   Thumb Code     0  entry7b.o(.ARM.Collect$$$$00000008)
    _main_cpp_init                           0x08000139   Thumb Code     0  entry8b.o(.ARM.Collect$$$$0000000A)
    _main_init                               0x08000139   Thumb Code     0  entry9a.o(.ARM.Collect$$$$0000000B)
    __rt_final_cpp                           0x08000141   Thumb Code     0  entry10a.o(.ARM.Collect$$$$0000000D)
    __rt_final_exit                          0x08000141   Thumb Code     0  entry11a.o(.ARM.Collect$$$$0000000F)
    main                                     0x08000145   Thumb Code    98  main.o(.text)
    NMI_Handler                              0x080001f1   Thumb Code     2  stm32f10x_it.o(.text)
    HardFault_Handler                        0x080001f3   Thumb Code     4  stm32f10x_it.o(.text)
    MemManage_Handler                        0x080001f7   Thumb Code     4  stm32f10x_it.o(.text)
    BusFault_Handler                         0x080001fb   Thumb Code     4  stm32f10x_it.o(.text)
    UsageFault_Handler                       0x080001ff   Thumb Code     4  stm32f10x_it.o(.text)
    TIM2_IRQHandler                          0x08000203   Thumb Code   238  stm32f10x_it.o(.text)
    DebugMon_Handler                         0x080002f1   Thumb Code     2  stm32f10x_it.o(.text)
    PendSV_Handler                           0x080002f3   Thumb Code     2  stm32f10x_it.o(.text)
    SysTick_Handler                          0x080002f5   Thumb Code     2  stm32f10x_it.o(.text)
    Reset_Handler                            0x080003a5   Thumb Code     8  startup_stm32f10x_hd.o(.text)
    SVC_Handler                              0x080003b7   Thumb Code     2  startup_stm32f10x_hd.o(.text)
    ADC1_2_IRQHandler                        0x080003bf   Thumb Code     0  startup_stm32f10x_hd.o(.text)
    ADC3_IRQHandler                          0x080003bf   Thumb Code     0  startup_stm32f10x_hd.o(.text)
    CAN1_RX1_IRQHandler                      0x080003bf   Thumb Code     0  startup_stm32f10x_hd.o(.text)
    CAN1_SCE_IRQHandler                      0x080003bf   Thumb Code     0  startup_stm32f10x_hd.o(.text)
    DMA1_Channel1_IRQHandler                 0x080003bf   Thumb Code     0  startup_stm32f10x_hd.o(.text)
    DMA1_Channel2_IRQHandler                 0x080003bf   Thumb Code     0  startup_stm32f10x_hd.o(.text)
    DMA1_Channel3_IRQHandler                 0x080003bf   Thumb Code     0  startup_stm32f10x_hd.o(.text)
    DMA1_Channel4_IRQHandler                 0x080003bf   Thumb Code     0  startup_stm32f10x_hd.o(.text)
    DMA1_Channel5_IRQHandler                 0x080003bf   Thumb Code     0  startup_stm32f10x_hd.o(.text)
    DMA1_Channel6_IRQHandler                 0x080003bf   Thumb Code     0  startup_stm32f10x_hd.o(.text)
    DMA1_Channel7_IRQHandler                 0x080003bf   Thumb Code     0  startup_stm32f10x_hd.o(.text)
    DMA2_Channel1_IRQHandler                 0x080003bf   Thumb Code     0  startup_stm32f10x_hd.o(.text)
    DMA2_Channel2_IRQHandler                 0x080003bf   Thumb Code     0  startup_stm32f10x_hd.o(.text)
    DMA2_Channel3_IRQHandler                 0x080003bf   Thumb Code     0  startup_stm32f10x_hd.o(.text)
    DMA2_Channel4_5_IRQHandler               0x080003bf   Thumb Code     0  startup_stm32f10x_hd.o(.text)
    EXTI0_IRQHandler                         0x080003bf   Thumb Code     0  startup_stm32f10x_hd.o(.text)
    EXTI15_10_IRQHandler                     0x080003bf   Thumb Code     0  startup_stm32f10x_hd.o(.text)
    EXTI1_IRQHandler                         0x080003bf   Thumb Code     0  startup_stm32f10x_hd.o(.text)
    EXTI2_IRQHandler                         0x080003bf   Thumb Code     0  startup_stm32f10x_hd.o(.text)
    EXTI3_IRQHandler                         0x080003bf   Thumb Code     0  startup_stm32f10x_hd.o(.text)
    EXTI4_IRQHandler                         0x080003bf   Thumb Code     0  startup_stm32f10x_hd.o(.text)
    EXTI9_5_IRQHandler                       0x080003bf   Thumb Code     0  startup_stm32f10x_hd.o(.text)
    FLASH_IRQHandler                         0x080003bf   Thumb Code     0  startup_stm32f10x_hd.o(.text)
    FSMC_IRQHandler                          0x080003bf   Thumb Code     0  startup_stm32f10x_hd.o(.text)
    I2C1_ER_IRQHandler                       0x080003bf   Thumb Code     0  startup_stm32f10x_hd.o(.text)
    I2C1_EV_IRQHandler                       0x080003bf   Thumb Code     0  startup_stm32f10x_hd.o(.text)
    I2C2_ER_IRQHandler                       0x080003bf   Thumb Code     0  startup_stm32f10x_hd.o(.text)
    I2C2_EV_IRQHandler                       0x080003bf   Thumb Code     0  startup_stm32f10x_hd.o(.text)
    PVD_IRQHandler                           0x080003bf   Thumb Code     0  startup_stm32f10x_hd.o(.text)
    RCC_IRQHandler                           0x080003bf   Thumb Code     0  startup_stm32f10x_hd.o(.text)
    RTCAlarm_IRQHandler                      0x080003bf   Thumb Code     0  startup_stm32f10x_hd.o(.text)
    RTC_IRQHandler                           0x080003bf   Thumb Code     0  startup_stm32f10x_hd.o(.text)
    SDIO_IRQHandler                          0x080003bf   Thumb Code     0  startup_stm32f10x_hd.o(.text)
    SPI1_IRQHandler                          0x080003bf   Thumb Code     0  startup_stm32f10x_hd.o(.text)
    SPI2_IRQHandler                          0x080003bf   Thumb Code     0  startup_stm32f10x_hd.o(.text)
    SPI3_IRQHandler                          0x080003bf   Thumb Code     0  startup_stm32f10x_hd.o(.text)
    TAMPER_IRQHandler                        0x080003bf   Thumb Code     0  startup_stm32f10x_hd.o(.text)
    TIM1_BRK_IRQHandler                      0x080003bf   Thumb Code     0  startup_stm32f10x_hd.o(.text)
    TIM1_CC_IRQHandler                       0x080003bf   Thumb Code     0  startup_stm32f10x_hd.o(.text)
    TIM1_TRG_COM_IRQHandler                  0x080003bf   Thumb Code     0  startup_stm32f10x_hd.o(.text)
    TIM1_UP_IRQHandler                       0x080003bf   Thumb Code     0  startup_stm32f10x_hd.o(.text)
    TIM3_IRQHandler                          0x080003bf   Thumb Code     0  startup_stm32f10x_hd.o(.text)
    TIM4_IRQHandler                          0x080003bf   Thumb Code     0  startup_stm32f10x_hd.o(.text)
    TIM5_IRQHandler                          0x080003bf   Thumb Code     0  startup_stm32f10x_hd.o(.text)
    TIM6_IRQHandler                          0x080003bf   Thumb Code     0  startup_stm32f10x_hd.o(.text)
    TIM7_IRQHandler                          0x080003bf   Thumb Code     0  startup_stm32f10x_hd.o(.text)
    TIM8_BRK_IRQHandler                      0x080003bf   Thumb Code     0  startup_stm32f10x_hd.o(.text)
    TIM8_CC_IRQHandler                       0x080003bf   Thumb Code     0  startup_stm32f10x_hd.o(.text)
    TIM8_TRG_COM_IRQHandler                  0x080003bf   Thumb Code     0  startup_stm32f10x_hd.o(.text)
    TIM8_UP_IRQHandler                       0x080003bf   Thumb Code     0  startup_stm32f10x_hd.o(.text)
    UART4_IRQHandler                         0x080003bf   Thumb Code     0  startup_stm32f10x_hd.o(.text)
    UART5_IRQHandler                         0x080003bf   Thumb Code     0  startup_stm32f10x_hd.o(.text)
    USART2_IRQHandler                        0x080003bf   Thumb Code     0  startup_stm32f10x_hd.o(.text)
    USART3_IRQHandler                        0x080003bf   Thumb Code     0  startup_stm32f10x_hd.o(.text)
    USBWakeUp_IRQHandler                     0x080003bf   Thumb Code     0  startup_stm32f10x_hd.o(.text)
    USB_HP_CAN1_TX_IRQHandler                0x080003bf   Thumb Code     0  startup_stm32f10x_hd.o(.text)
    USB_LP_CAN1_RX0_IRQHandler               0x080003bf   Thumb Code     0  startup_stm32f10x_hd.o(.text)
    WWDG_IRQHandler                          0x080003bf   Thumb Code     0  startup_stm32f10x_hd.o(.text)
    SystemInit                               0x080004a7   Thumb Code    78  system_stm32f10x.o(.text)
    SystemCoreClockUpdate                    0x080004f5   Thumb Code   142  system_stm32f10x.o(.text)
    NVIC_PriorityGroupConfig                 0x080005a9   Thumb Code    10  misc.o(.text)
    NVIC_Init                                0x080005b3   Thumb Code   100  misc.o(.text)
    NVIC_SetVectorTable                      0x08000617   Thumb Code    14  misc.o(.text)
    NVIC_SystemLPConfig                      0x08000625   Thumb Code    34  misc.o(.text)
    SysTick_CLKSourceConfig                  0x08000647   Thumb Code    40  misc.o(.text)
    GPIO_DeInit                              0x08000685   Thumb Code   172  stm32f10x_gpio.o(.text)
    GPIO_AFIODeInit                          0x08000731   Thumb Code    20  stm32f10x_gpio.o(.text)
    GPIO_Init                                0x08000745   Thumb Code   278  stm32f10x_gpio.o(.text)
    GPIO_StructInit                          0x0800085b   Thumb Code    16  stm32f10x_gpio.o(.text)
    GPIO_ReadInputDataBit                    0x0800086b   Thumb Code    18  stm32f10x_gpio.o(.text)
    GPIO_ReadInputData                       0x0800087d   Thumb Code     8  stm32f10x_gpio.o(.text)
    GPIO_ReadOutputDataBit                   0x08000885   Thumb Code    18  stm32f10x_gpio.o(.text)
    GPIO_ReadOutputData                      0x08000897   Thumb Code     8  stm32f10x_gpio.o(.text)
    GPIO_SetBits                             0x0800089f   Thumb Code     4  stm32f10x_gpio.o(.text)
    GPIO_ResetBits                           0x080008a3   Thumb Code     4  stm32f10x_gpio.o(.text)
    GPIO_WriteBit                            0x080008a7   Thumb Code    10  stm32f10x_gpio.o(.text)
    GPIO_Write                               0x080008b1   Thumb Code     4  stm32f10x_gpio.o(.text)
    GPIO_PinLockConfig                       0x080008b5   Thumb Code    18  stm32f10x_gpio.o(.text)
    GPIO_EventOutputConfig                   0x080008c7   Thumb Code    26  stm32f10x_gpio.o(.text)
    GPIO_EventOutputCmd                      0x080008e1   Thumb Code     6  stm32f10x_gpio.o(.text)
    GPIO_PinRemapConfig                      0x080008e7   Thumb Code   138  stm32f10x_gpio.o(.text)
    GPIO_EXTILineConfig                      0x08000971   Thumb Code    66  stm32f10x_gpio.o(.text)
    GPIO_ETH_MediaInterfaceConfig            0x080009b3   Thumb Code     8  stm32f10x_gpio.o(.text)
    RCC_DeInit                               0x080009e1   Thumb Code    64  stm32f10x_rcc.o(.text)
    RCC_HSEConfig                            0x08000a21   Thumb Code    70  stm32f10x_rcc.o(.text)
    RCC_GetFlagStatus                        0x08000a67   Thumb Code    56  stm32f10x_rcc.o(.text)
    RCC_WaitForHSEStartUp                    0x08000a9f   Thumb Code    56  stm32f10x_rcc.o(.text)
    RCC_AdjustHSICalibrationValue            0x08000ad7   Thumb Code    20  stm32f10x_rcc.o(.text)
    RCC_HSICmd                               0x08000aeb   Thumb Code     6  stm32f10x_rcc.o(.text)
    RCC_PLLConfig                            0x08000af1   Thumb Code    24  stm32f10x_rcc.o(.text)
    RCC_PLLCmd                               0x08000b09   Thumb Code     6  stm32f10x_rcc.o(.text)
    RCC_SYSCLKConfig                         0x08000b0f   Thumb Code    18  stm32f10x_rcc.o(.text)
    RCC_GetSYSCLKSource                      0x08000b21   Thumb Code    10  stm32f10x_rcc.o(.text)
    RCC_HCLKConfig                           0x08000b2b   Thumb Code    18  stm32f10x_rcc.o(.text)
    RCC_PCLK1Config                          0x08000b3d   Thumb Code    18  stm32f10x_rcc.o(.text)
    RCC_PCLK2Config                          0x08000b4f   Thumb Code    20  stm32f10x_rcc.o(.text)
    RCC_ITConfig                             0x08000b63   Thumb Code    26  stm32f10x_rcc.o(.text)
    RCC_USBCLKConfig                         0x08000b7d   Thumb Code     8  stm32f10x_rcc.o(.text)
    RCC_ADCCLKConfig                         0x08000b85   Thumb Code    18  stm32f10x_rcc.o(.text)
    RCC_LSEConfig                            0x08000b97   Thumb Code    50  stm32f10x_rcc.o(.text)
    RCC_LSICmd                               0x08000bc9   Thumb Code     6  stm32f10x_rcc.o(.text)
    RCC_RTCCLKConfig                         0x08000bcf   Thumb Code    12  stm32f10x_rcc.o(.text)
    RCC_RTCCLKCmd                            0x08000bdb   Thumb Code     8  stm32f10x_rcc.o(.text)
    RCC_GetClocksFreq                        0x08000be3   Thumb Code   192  stm32f10x_rcc.o(.text)
    RCC_AHBPeriphClockCmd                    0x08000ca3   Thumb Code    26  stm32f10x_rcc.o(.text)
    RCC_APB2PeriphClockCmd                   0x08000cbd   Thumb Code    26  stm32f10x_rcc.o(.text)
    RCC_APB1PeriphClockCmd                   0x08000cd7   Thumb Code    26  stm32f10x_rcc.o(.text)
    RCC_APB2PeriphResetCmd                   0x08000cf1   Thumb Code    26  stm32f10x_rcc.o(.text)
    RCC_APB1PeriphResetCmd                   0x08000d0b   Thumb Code    26  stm32f10x_rcc.o(.text)
    RCC_BackupResetCmd                       0x08000d25   Thumb Code     8  stm32f10x_rcc.o(.text)
    RCC_ClockSecuritySystemCmd               0x08000d2d   Thumb Code     6  stm32f10x_rcc.o(.text)
    RCC_MCOConfig                            0x08000d33   Thumb Code     6  stm32f10x_rcc.o(.text)
    RCC_ClearFlag                            0x08000d39   Thumb Code    14  stm32f10x_rcc.o(.text)
    RCC_GetITStatus                          0x08000d47   Thumb Code    20  stm32f10x_rcc.o(.text)
    RCC_ClearITPendingBit                    0x08000d5b   Thumb Code     6  stm32f10x_rcc.o(.text)
    SPI_I2S_DeInit                           0x08000d85   Thumb Code    76  stm32f10x_spi.o(.text)
    SPI_Init                                 0x08000dd1   Thumb Code    60  stm32f10x_spi.o(.text)
    I2S_Init                                 0x08000e0d   Thumb Code   226  stm32f10x_spi.o(.text)
    SPI_StructInit                           0x08000eef   Thumb Code    24  stm32f10x_spi.o(.text)
    I2S_StructInit                           0x08000f07   Thumb Code    20  stm32f10x_spi.o(.text)
    SPI_Cmd                                  0x08000f1b   Thumb Code    24  stm32f10x_spi.o(.text)
    I2S_Cmd                                  0x08000f33   Thumb Code    24  stm32f10x_spi.o(.text)
    SPI_I2S_ITConfig                         0x08000f4b   Thumb Code    32  stm32f10x_spi.o(.text)
    SPI_I2S_DMACmd                           0x08000f6b   Thumb Code    18  stm32f10x_spi.o(.text)
    SPI_I2S_SendData                         0x08000f7d   Thumb Code     4  stm32f10x_spi.o(.text)
    SPI_I2S_ReceiveData                      0x08000f81   Thumb Code     6  stm32f10x_spi.o(.text)
    SPI_NSSInternalSoftwareConfig            0x08000f87   Thumb Code    30  stm32f10x_spi.o(.text)
    SPI_SSOutputCmd                          0x08000fa5   Thumb Code    24  stm32f10x_spi.o(.text)
    SPI_DataSizeConfig                       0x08000fbd   Thumb Code    18  stm32f10x_spi.o(.text)
    SPI_TransmitCRC                          0x08000fcf   Thumb Code    10  stm32f10x_spi.o(.text)
    SPI_CalculateCRC                         0x08000fd9   Thumb Code    24  stm32f10x_spi.o(.text)
    SPI_GetCRC                               0x08000ff1   Thumb Code    16  stm32f10x_spi.o(.text)
    SPI_GetCRCPolynomial                     0x08001001   Thumb Code     6  stm32f10x_spi.o(.text)
    SPI_BiDirectionalLineConfig              0x08001007   Thumb Code    28  stm32f10x_spi.o(.text)
    SPI_I2S_GetFlagStatus                    0x08001023   Thumb Code    18  stm32f10x_spi.o(.text)
    SPI_I2S_ClearFlag                        0x08001035   Thumb Code     6  stm32f10x_spi.o(.text)
    SPI_I2S_GetITStatus                      0x0800103b   Thumb Code    52  stm32f10x_spi.o(.text)
    SPI_I2S_ClearITPendingBit                0x0800106f   Thumb Code    20  stm32f10x_spi.o(.text)
    TIM_DeInit                               0x08001091   Thumb Code   424  stm32f10x_tim.o(.text)
    TIM_TimeBaseInit                         0x08001239   Thumb Code   122  stm32f10x_tim.o(.text)
    TIM_OC1Init                              0x080012b3   Thumb Code   132  stm32f10x_tim.o(.text)
    TIM_OC2Init                              0x08001337   Thumb Code   154  stm32f10x_tim.o(.text)
    TIM_OC3Init                              0x080013d1   Thumb Code   150  stm32f10x_tim.o(.text)
    TIM_OC4Init                              0x08001467   Thumb Code   182  stm32f10x_tim.o(.text)
    TIM_SetIC4Prescaler                      0x0800151d   Thumb Code    26  stm32f10x_tim.o(.text)
    TIM_SetIC3Prescaler                      0x080015b9   Thumb Code    18  stm32f10x_tim.o(.text)
    TIM_SetIC2Prescaler                      0x08001645   Thumb Code    26  stm32f10x_tim.o(.text)
    TIM_SetIC1Prescaler                      0x080016e1   Thumb Code    18  stm32f10x_tim.o(.text)
    TIM_ICInit                               0x0800175f   Thumb Code   150  stm32f10x_tim.o(.text)
    TIM_PWMIConfig                           0x080017f5   Thumb Code   124  stm32f10x_tim.o(.text)
    TIM_BDTRConfig                           0x08001871   Thumb Code    32  stm32f10x_tim.o(.text)
    TIM_TimeBaseStructInit                   0x08001891   Thumb Code    18  stm32f10x_tim.o(.text)
    TIM_OCStructInit                         0x080018a3   Thumb Code    20  stm32f10x_tim.o(.text)
    TIM_ICStructInit                         0x080018b7   Thumb Code    18  stm32f10x_tim.o(.text)
    TIM_BDTRStructInit                       0x080018c9   Thumb Code    40  stm32f10x_tim.o(.text)
    TIM_Cmd                                  0x080018f1   Thumb Code    24  stm32f10x_tim.o(.text)
    TIM_CtrlPWMOutputs                       0x08001909   Thumb Code    30  stm32f10x_tim.o(.text)
    TIM_ITConfig                             0x08001927   Thumb Code    18  stm32f10x_tim.o(.text)
    TIM_GenerateEvent                        0x08001939   Thumb Code     4  stm32f10x_tim.o(.text)
    TIM_DMAConfig                            0x0800193d   Thumb Code    10  stm32f10x_tim.o(.text)
    TIM_DMACmd                               0x08001947   Thumb Code    18  stm32f10x_tim.o(.text)
    TIM_InternalClockConfig                  0x08001959   Thumb Code    12  stm32f10x_tim.o(.text)
    TIM_SelectInputTrigger                   0x08001965   Thumb Code    18  stm32f10x_tim.o(.text)
    TIM_ITRxExternalClockConfig              0x08001977   Thumb Code    24  stm32f10x_tim.o(.text)
    TIM_TIxExternalClockConfig               0x0800198f   Thumb Code    62  stm32f10x_tim.o(.text)
    TIM_ETRConfig                            0x080019cd   Thumb Code    28  stm32f10x_tim.o(.text)
    TIM_ETRClockMode1Config                  0x080019e9   Thumb Code    54  stm32f10x_tim.o(.text)
    TIM_ETRClockMode2Config                  0x08001a1f   Thumb Code    32  stm32f10x_tim.o(.text)
    TIM_PrescalerConfig                      0x08001a3f   Thumb Code     6  stm32f10x_tim.o(.text)
    TIM_CounterModeConfig                    0x08001a45   Thumb Code    18  stm32f10x_tim.o(.text)
    TIM_EncoderInterfaceConfig               0x08001a57   Thumb Code    66  stm32f10x_tim.o(.text)
    TIM_ForcedOC1Config                      0x08001a99   Thumb Code    18  stm32f10x_tim.o(.text)
    TIM_ForcedOC2Config                      0x08001aab   Thumb Code    26  stm32f10x_tim.o(.text)
    TIM_ForcedOC3Config                      0x08001ac5   Thumb Code    18  stm32f10x_tim.o(.text)
    TIM_ForcedOC4Config                      0x08001ad7   Thumb Code    26  stm32f10x_tim.o(.text)
    TIM_ARRPreloadConfig                     0x08001af1   Thumb Code    24  stm32f10x_tim.o(.text)
    TIM_SelectCOM                            0x08001b09   Thumb Code    24  stm32f10x_tim.o(.text)
    TIM_SelectCCDMA                          0x08001b21   Thumb Code    24  stm32f10x_tim.o(.text)
    TIM_CCPreloadControl                     0x08001b39   Thumb Code    24  stm32f10x_tim.o(.text)
    TIM_OC1PreloadConfig                     0x08001b51   Thumb Code    18  stm32f10x_tim.o(.text)
    TIM_OC2PreloadConfig                     0x08001b63   Thumb Code    26  stm32f10x_tim.o(.text)
    TIM_OC3PreloadConfig                     0x08001b7d   Thumb Code    18  stm32f10x_tim.o(.text)
    TIM_OC4PreloadConfig                     0x08001b8f   Thumb Code    26  stm32f10x_tim.o(.text)
    TIM_OC1FastConfig                        0x08001ba9   Thumb Code    18  stm32f10x_tim.o(.text)
    TIM_OC2FastConfig                        0x08001bbb   Thumb Code    26  stm32f10x_tim.o(.text)
    TIM_OC3FastConfig                        0x08001bd5   Thumb Code    18  stm32f10x_tim.o(.text)
    TIM_OC4FastConfig                        0x08001be7   Thumb Code    26  stm32f10x_tim.o(.text)
    TIM_ClearOC1Ref                          0x08001c01   Thumb Code    18  stm32f10x_tim.o(.text)
    TIM_ClearOC2Ref                          0x08001c13   Thumb Code    24  stm32f10x_tim.o(.text)
    TIM_ClearOC3Ref                          0x08001c2b   Thumb Code    18  stm32f10x_tim.o(.text)
    TIM_ClearOC4Ref                          0x08001c3d   Thumb Code    24  stm32f10x_tim.o(.text)
    TIM_OC1PolarityConfig                    0x08001c55   Thumb Code    18  stm32f10x_tim.o(.text)
    TIM_OC1NPolarityConfig                   0x08001c67   Thumb Code    18  stm32f10x_tim.o(.text)
    TIM_OC2PolarityConfig                    0x08001c79   Thumb Code    26  stm32f10x_tim.o(.text)
    TIM_OC2NPolarityConfig                   0x08001c93   Thumb Code    26  stm32f10x_tim.o(.text)
    TIM_OC3PolarityConfig                    0x08001cad   Thumb Code    26  stm32f10x_tim.o(.text)
    TIM_OC3NPolarityConfig                   0x08001cc7   Thumb Code    26  stm32f10x_tim.o(.text)
    TIM_OC4PolarityConfig                    0x08001ce1   Thumb Code    26  stm32f10x_tim.o(.text)
    TIM_CCxCmd                               0x08001cfb   Thumb Code    30  stm32f10x_tim.o(.text)
    TIM_CCxNCmd                              0x08001d19   Thumb Code    30  stm32f10x_tim.o(.text)
    TIM_SelectOCxM                           0x08001d37   Thumb Code    82  stm32f10x_tim.o(.text)
    TIM_UpdateDisableConfig                  0x08001d89   Thumb Code    24  stm32f10x_tim.o(.text)
    TIM_UpdateRequestConfig                  0x08001da1   Thumb Code    24  stm32f10x_tim.o(.text)
    TIM_SelectHallSensor                     0x08001db9   Thumb Code    24  stm32f10x_tim.o(.text)
    TIM_SelectOnePulseMode                   0x08001dd1   Thumb Code    18  stm32f10x_tim.o(.text)
    TIM_SelectOutputTrigger                  0x08001de3   Thumb Code    18  stm32f10x_tim.o(.text)
    TIM_SelectSlaveMode                      0x08001df5   Thumb Code    18  stm32f10x_tim.o(.text)
    TIM_SelectMasterSlaveMode                0x08001e07   Thumb Code    18  stm32f10x_tim.o(.text)
    TIM_SetCounter                           0x08001e19   Thumb Code     4  stm32f10x_tim.o(.text)
    TIM_SetAutoreload                        0x08001e1d   Thumb Code     4  stm32f10x_tim.o(.text)
    TIM_SetCompare1                          0x08001e21   Thumb Code     4  stm32f10x_tim.o(.text)
    TIM_SetCompare2                          0x08001e25   Thumb Code     4  stm32f10x_tim.o(.text)
    TIM_SetCompare3                          0x08001e29   Thumb Code     4  stm32f10x_tim.o(.text)
    TIM_SetCompare4                          0x08001e2d   Thumb Code     6  stm32f10x_tim.o(.text)
    TIM_SetClockDivision                     0x08001e33   Thumb Code    18  stm32f10x_tim.o(.text)
    TIM_GetCapture1                          0x08001e45   Thumb Code     6  stm32f10x_tim.o(.text)
    TIM_GetCapture2                          0x08001e4b   Thumb Code     6  stm32f10x_tim.o(.text)
    TIM_GetCapture3                          0x08001e51   Thumb Code     6  stm32f10x_tim.o(.text)
    TIM_GetCapture4                          0x08001e57   Thumb Code     8  stm32f10x_tim.o(.text)
    TIM_GetCounter                           0x08001e5f   Thumb Code     6  stm32f10x_tim.o(.text)
    TIM_GetPrescaler                         0x08001e65   Thumb Code     6  stm32f10x_tim.o(.text)
    TIM_GetFlagStatus                        0x08001e6b   Thumb Code    18  stm32f10x_tim.o(.text)
    TIM_ClearFlag                            0x08001e7d   Thumb Code     6  stm32f10x_tim.o(.text)
    TIM_GetITStatus                          0x08001e83   Thumb Code    34  stm32f10x_tim.o(.text)
    TIM_ClearITPendingBit                    0x08001ea5   Thumb Code     6  stm32f10x_tim.o(.text)
    USART_DeInit                             0x08001ead   Thumb Code   134  stm32f10x_usart.o(.text)
    USART_Init                               0x08001f33   Thumb Code   210  stm32f10x_usart.o(.text)
    USART_StructInit                         0x08002005   Thumb Code    24  stm32f10x_usart.o(.text)
    USART_ClockInit                          0x0800201d   Thumb Code    34  stm32f10x_usart.o(.text)
    USART_ClockStructInit                    0x0800203f   Thumb Code    12  stm32f10x_usart.o(.text)
    USART_Cmd                                0x0800204b   Thumb Code    24  stm32f10x_usart.o(.text)
    USART_ITConfig                           0x08002063   Thumb Code    74  stm32f10x_usart.o(.text)
    USART_DMACmd                             0x080020ad   Thumb Code    18  stm32f10x_usart.o(.text)
    USART_SetAddress                         0x080020bf   Thumb Code    18  stm32f10x_usart.o(.text)
    USART_WakeUpConfig                       0x080020d1   Thumb Code    18  stm32f10x_usart.o(.text)
    USART_ReceiverWakeUpCmd                  0x080020e3   Thumb Code    24  stm32f10x_usart.o(.text)
    USART_LINBreakDetectLengthConfig         0x080020fb   Thumb Code    18  stm32f10x_usart.o(.text)
    USART_LINCmd                             0x0800210d   Thumb Code    24  stm32f10x_usart.o(.text)
    USART_SendData                           0x08002125   Thumb Code     8  stm32f10x_usart.o(.text)
    USART_ReceiveData                        0x0800212d   Thumb Code    10  stm32f10x_usart.o(.text)
    USART_SendBreak                          0x08002137   Thumb Code    10  stm32f10x_usart.o(.text)
    USART_SetGuardTime                       0x08002141   Thumb Code    16  stm32f10x_usart.o(.text)
    USART_SetPrescaler                       0x08002151   Thumb Code    16  stm32f10x_usart.o(.text)
    USART_SmartCardCmd                       0x08002161   Thumb Code    24  stm32f10x_usart.o(.text)
    USART_SmartCardNACKCmd                   0x08002179   Thumb Code    24  stm32f10x_usart.o(.text)
    USART_HalfDuplexCmd                      0x08002191   Thumb Code    24  stm32f10x_usart.o(.text)
    USART_OverSampling8Cmd                   0x080021a9   Thumb Code    22  stm32f10x_usart.o(.text)
    USART_OneBitMethodCmd                    0x080021bf   Thumb Code    24  stm32f10x_usart.o(.text)
    USART_IrDAConfig                         0x080021d7   Thumb Code    18  stm32f10x_usart.o(.text)
    USART_IrDACmd                            0x080021e9   Thumb Code    24  stm32f10x_usart.o(.text)
    USART_GetFlagStatus                      0x08002201   Thumb Code    26  stm32f10x_usart.o(.text)
    USART_ClearFlag                          0x0800221b   Thumb Code    18  stm32f10x_usart.o(.text)
    USART_GetITStatus                        0x0800222d   Thumb Code    84  stm32f10x_usart.o(.text)
    USART_ClearITPendingBit                  0x08002281   Thumb Code    52  stm32f10x_usart.o(.text)
    getISR                                   0x080022b5   Thumb Code     8  w5500.o(.text)
    putISR                                   0x080022bd   Thumb Code     6  w5500.o(.text)
    getIINCHIP_RxMAX                         0x080022c3   Thumb Code    10  w5500.o(.text)
    getIINCHIP_TxMAX                         0x080022cd   Thumb Code    10  w5500.o(.text)
    IINCHIP_CSoff                            0x080022d7   Thumb Code    10  w5500.o(.text)
    IINCHIP_CSon                             0x080022e1   Thumb Code    10  w5500.o(.text)
    IINCHIP_SpiSendData                      0x080022eb   Thumb Code    12  w5500.o(.text)
    IINCHIP_WRITE                            0x080022f7   Thumb Code    50  w5500.o(.text)
    IINCHIP_READ                             0x08002329   Thumb Code    50  w5500.o(.text)
    wiz_write_buf                            0x0800235b   Thumb Code    80  w5500.o(.text)
    wiz_read_buf                             0x080023ab   Thumb Code    78  w5500.o(.text)
    setMR                                    0x080023f9   Thumb Code    14  w5500.o(.text)
    iinchip_init                             0x08002407   Thumb Code    10  w5500.o(.text)
    sysinit                                  0x08002411   Thumb Code   302  w5500.o(.text)
    setGAR                                   0x0800253f   Thumb Code    16  w5500.o(.text)
    getGWIP                                  0x0800254f   Thumb Code    16  w5500.o(.text)
    setSUBR                                  0x0800255f   Thumb Code    18  w5500.o(.text)
    setSHAR                                  0x08002571   Thumb Code    18  w5500.o(.text)
    setSIPR                                  0x08002583   Thumb Code    18  w5500.o(.text)
    setkeepalive                             0x08002595   Thumb Code    20  w5500.o(.text)
    getGAR                                   0x080025a9   Thumb Code    16  w5500.o(.text)
    getSUBR                                  0x080025b9   Thumb Code    18  w5500.o(.text)
    getSHAR                                  0x080025cb   Thumb Code    18  w5500.o(.text)
    getSIPR                                  0x080025dd   Thumb Code    18  w5500.o(.text)
    getIR                                    0x080025ef   Thumb Code    12  w5500.o(.text)
    setRTR                                   0x080025fb   Thumb Code    26  w5500.o(.text)
    setRCR                                   0x08002615   Thumb Code    16  w5500.o(.text)
    clearIR                                  0x08002625   Thumb Code    26  w5500.o(.text)
    setSn_MSS                                0x0800263f   Thumb Code    36  w5500.o(.text)
    setSn_TTL                                0x08002663   Thumb Code    22  w5500.o(.text)
    getSn_IR                                 0x08002679   Thumb Code    18  w5500.o(.text)
    getSn_SR                                 0x0800268b   Thumb Code    54  w5500.o(.text)
    getSn_TX_FSR                             0x080026c1   Thumb Code    84  w5500.o(.text)
    getSn_RX_RSR                             0x08002715   Thumb Code    84  w5500.o(.text)
    send_data_processing                     0x08002769   Thumb Code   108  w5500.o(.text)
    recv_data_processing                     0x080027d5   Thumb Code   116  w5500.o(.text)
    setSn_IR                                 0x08002849   Thumb Code    22  w5500.o(.text)
    at24c16_init                             0x08002881   Thumb Code    56  24c16.o(.text)
    at24c16_start                            0x080028b9   Thumb Code    42  24c16.o(.text)
    at24c16_stop                             0x080028e3   Thumb Code    34  24c16.o(.text)
    write_1byte                              0x08002905   Thumb Code   112  24c16.o(.text)
    read_1byte                               0x08002975   Thumb Code   100  24c16.o(.text)
    clock                                    0x080029d9   Thumb Code    56  24c16.o(.text)
    at24c16_write                            0x08002a11   Thumb Code    80  24c16.o(.text)
    at24c16_read                             0x08002a61   Thumb Code    70  24c16.o(.text)
    eep_block_write                          0x08002aa7   Thumb Code    40  24c16.o(.text)
    erase_eeprom                             0x08002acf   Thumb Code    30  24c16.o(.text)
    close                                    0x08002af1   Thumb Code    52  socket.o(.text)
    socket                                   0x08002b25   Thumb Code   192  socket.o(.text)
    listen                                   0x08002be5   Thumb Code    62  socket.o(.text)
    connect                                  0x08002c23   Thumb Code   248  socket.o(.text)
    disconnect                               0x08002d1b   Thumb Code    38  socket.o(.text)
    send                                     0x08002d41   Thumb Code   224  socket.o(.text)
    recv                                     0x08002e21   Thumb Code    66  socket.o(.text)
    sendto                                   0x08002e63   Thumb Code   306  socket.o(.text)
    recvfrom                                 0x08002f95   Thumb Code   486  socket.o(.text)
    send_ka                                  0x0800317b   Thumb Code    20  socket.o(.text)
    WIZ_SPI_Init                             0x080031a9   Thumb Code   160  spi2.o(.text)
    WIZ_CS                                   0x08003249   Thumb Code    32  spi2.o(.text)
    SPI2_SendByte                            0x08003269   Thumb Code    50  spi2.o(.text)
    Systick_Init                             0x080032a5   Thumb Code    56  ult.o(.text)
    Delay_ms                                 0x080032dd   Thumb Code    56  ult.o(.text)
    Delay_s                                  0x08003315   Thumb Code    22  ult.o(.text)
    Delay_us                                 0x0800332b   Thumb Code    56  ult.o(.text)
    C2D                                      0x08003363   Thumb Code    54  ult.o(.text)
    ATOI                                     0x08003399   Thumb Code    32  ult.o(.text)
    ATOI32                                   0x080033b9   Thumb Code    32  ult.o(.text)
    itoa                                     0x080033d9   Thumb Code    64  ult.o(.text)
    ValidATOI                                0x08003419   Thumb Code    72  ult.o(.text)
    replacetochar                            0x08003461   Thumb Code    26  ult.o(.text)
    swaps                                    0x0800347b   Thumb Code    14  ult.o(.text)
    swapl                                    0x08003489   Thumb Code    28  ult.o(.text)
    mid                                      0x080034a5   Thumb Code    68  ult.o(.text)
    inet_addr_                               0x080034e9   Thumb Code    90  ult.o(.text)
    GPIO_Configuration                       0x08003551   Thumb Code   172  device.o(.text)
    LED_ON                                   0x080035fd   Thumb Code    14  device.o(.text)
    LED_OFF                                  0x0800360b   Thumb Code    14  device.o(.text)
    Reset_W5500                              0x08003619   Thumb Code    38  device.o(.text)
    reboot                                   0x0800363f   Thumb Code    12  device.o(.text)
    set_network                              0x0800364b   Thumb Code   146  device.o(.text)
    set_default                              0x080036dd   Thumb Code   100  device.o(.text)
    write_config_to_eeprom                   0x08003741   Thumb Code    44  device.o(.text)
    get_config                               0x0800376d   Thumb Code    94  device.o(.text)
    NVIC_Configuration                       0x080037cb   Thumb Code    52  device.o(.text)
    TIM2_Configuration                       0x080037ff   Thumb Code    80  device.o(.text)
    TIM2_NVIC_Configuration                  0x0800384f   Thumb Code    40  device.o(.text)
    USART1_Init                              0x080038e5   Thumb Code   124  usart.o(.text)
    fputc                                    0x08003961   Thumb Code    32  usart.o(.text)
    USART1_Putc                              0x08003981   Thumb Code    28  usart.o(.text)
    USART1_Puts                              0x0800399d   Thumb Code    38  usart.o(.text)
    USART1_IRQHandler                        0x080039c3   Thumb Code   226  usart.o(.text)
    do_mqtt_publish                          0x08003ad9   Thumb Code   246  mqtt.o(.text)
    do_mqtt_subscrib                         0x08003bcf   Thumb Code   694  mqtt.o(.text)
    transport_sendPacketBuffer               0x08004051   Thumb Code    18  transport.o(.text)
    transport_sendPacketBuffer1              0x08004063   Thumb Code    18  transport.o(.text)
    transport_getdata                        0x08004075   Thumb Code    18  transport.o(.text)
    transport_getdata1                       0x08004087   Thumb Code    18  transport.o(.text)
    transport_open                           0x08004099   Thumb Code    96  transport.o(.text)
    transport_open1                          0x080040f9   Thumb Code    96  transport.o(.text)
    transport_close                          0x08004159   Thumb Code    28  transport.o(.text)
    transport_close1                         0x08004175   Thumb Code    28  transport.o(.text)
    cJSON_GetErrorPtr                        0x0800424d   Thumb Code     6  cjson.o(.text)
    cJSON_InitHooks                          0x080042c7   Thumb Code    48  cjson.o(.text)
    cJSON_Delete                             0x08004311   Thumb Code    82  cjson.o(.text)
    cJSON_ParseWithOpts                      0x08004e7d   Thumb Code   152  cjson.o(.text)
    cJSON_Parse                              0x08004f15   Thumb Code    16  cjson.o(.text)
    cJSON_Print                              0x080056a5   Thumb Code    18  cjson.o(.text)
    cJSON_PrintUnformatted                   0x080056b7   Thumb Code    18  cjson.o(.text)
    cJSON_PrintBuffered                      0x080056c9   Thumb Code    52  cjson.o(.text)
    cJSON_GetArraySize                       0x080056fd   Thumb Code    18  cjson.o(.text)
    cJSON_GetArrayItem                       0x0800570f   Thumb Code    18  cjson.o(.text)
    cJSON_GetObjectItem                      0x08005721   Thumb Code    30  cjson.o(.text)
    cJSON_AddItemToArray                     0x08005775   Thumb Code    42  cjson.o(.text)
    cJSON_AddItemToObject                    0x0800579f   Thumb Code    44  cjson.o(.text)
    cJSON_AddItemToObjectCS                  0x080057cb   Thumb Code    54  cjson.o(.text)
    cJSON_AddItemReferenceToArray            0x08005801   Thumb Code    24  cjson.o(.text)
    cJSON_AddItemReferenceToObject           0x08005819   Thumb Code    32  cjson.o(.text)
    cJSON_DetachItemFromArray                0x08005839   Thumb Code    66  cjson.o(.text)
    cJSON_DeleteItemFromArray                0x0800587b   Thumb Code    22  cjson.o(.text)
    cJSON_DetachItemFromObject               0x08005891   Thumb Code    50  cjson.o(.text)
    cJSON_DeleteItemFromObject               0x080058c3   Thumb Code    22  cjson.o(.text)
    cJSON_InsertItemInArray                  0x080058d9   Thumb Code    64  cjson.o(.text)
    cJSON_ReplaceItemInArray                 0x08005919   Thumb Code    76  cjson.o(.text)
    cJSON_ReplaceItemInObject                0x08005965   Thumb Code    62  cjson.o(.text)
    cJSON_CreateNull                         0x080059a3   Thumb Code    18  cjson.o(.text)
    cJSON_CreateTrue                         0x080059b5   Thumb Code    18  cjson.o(.text)
    cJSON_CreateFalse                        0x080059c7   Thumb Code    18  cjson.o(.text)
    cJSON_CreateBool                         0x080059d9   Thumb Code    26  cjson.o(.text)
    cJSON_CreateNumber                       0x080059f3   Thumb Code    36  cjson.o(.text)
    cJSON_CreateString                       0x08005a17   Thumb Code    28  cjson.o(.text)
    cJSON_CreateArray                        0x08005a33   Thumb Code    18  cjson.o(.text)
    cJSON_CreateObject                       0x08005a45   Thumb Code    18  cjson.o(.text)
    cJSON_CreateIntArray                     0x08005a57   Thumb Code    68  cjson.o(.text)
    cJSON_CreateFloatArray                   0x08005a9b   Thumb Code    68  cjson.o(.text)
    cJSON_CreateDoubleArray                  0x08005adf   Thumb Code    68  cjson.o(.text)
    cJSON_CreateStringArray                  0x08005b23   Thumb Code    62  cjson.o(.text)
    cJSON_Duplicate                          0x08005b61   Thumb Code   178  cjson.o(.text)
    cJSON_Minify                             0x08005c13   Thumb Code   186  cjson.o(.text)
    DHT11_ReadData                           0x08005ccd   Thumb Code    84  dht11.o(.text)
    DHT11_GetValue                           0x08005d21   Thumb Code   146  dht11.o(.text)
    MQTTSerialize_connectLength              0x08005db9   Thumb Code   118  mqttconnectclient.o(.text)
    MQTTSerialize_connect                    0x08005e2f   Thumb Code   342  mqttconnectclient.o(.text)
    MQTTDeserialize_connack                  0x08005f85   Thumb Code   118  mqttconnectclient.o(.text)
    MQTTSerialize_zero                       0x08005ffb   Thumb Code    76  mqttconnectclient.o(.text)
    MQTTSerialize_disconnect                 0x08006047   Thumb Code    18  mqttconnectclient.o(.text)
    MQTTSerialize_pingreq                    0x08006059   Thumb Code    18  mqttconnectclient.o(.text)
    MQTTDeserialize_publish                  0x0800607d   Thumb Code   208  mqttdeserializepublish.o(.text)
    MQTTDeserialize_ack                      0x0800614d   Thumb Code   108  mqttdeserializepublish.o(.text)
    MQTTPacket_encode                        0x08006211   Thumb Code    54  mqttpacket.o(.text)
    MQTTPacket_decode                        0x08006247   Thumb Code    88  mqttpacket.o(.text)
    MQTTPacket_len                           0x0800629f   Thumb Code    34  mqttpacket.o(.text)
    bufchar                                  0x080062c1   Thumb Code    36  mqttpacket.o(.text)
    MQTTPacket_decodeBuf                     0x080062e5   Thumb Code    22  mqttpacket.o(.text)
    readInt                                  0x080062fb   Thumb Code    26  mqttpacket.o(.text)
    readChar                                 0x08006315   Thumb Code    14  mqttpacket.o(.text)
    writeChar                                0x08006323   Thumb Code    12  mqttpacket.o(.text)
    writeInt                                 0x0800632f   Thumb Code    48  mqttpacket.o(.text)
    writeCString                             0x0800635f   Thumb Code    40  mqttpacket.o(.text)
    getLenStringLen                          0x08006387   Thumb Code    18  mqttpacket.o(.text)
    writeMQTTString                          0x08006399   Thumb Code    62  mqttpacket.o(.text)
    readMQTTLenString                        0x080063d7   Thumb Code    68  mqttpacket.o(.text)
    MQTTstrlen                               0x0800641b   Thumb Code    24  mqttpacket.o(.text)
    MQTTPacket_equals                        0x08006433   Thumb Code    66  mqttpacket.o(.text)
    MQTTPacket_read                          0x08006475   Thumb Code    98  mqttpacket.o(.text)
    MQTTPacket_readnb                        0x0800653d   Thumb Code   200  mqttpacket.o(.text)
    MQTTSerialize_publishLength              0x08006611   Thumb Code    34  mqttserializepublish.o(.text)
    MQTTSerialize_publish                    0x08006633   Thumb Code   176  mqttserializepublish.o(.text)
    MQTTSerialize_ack                        0x080066e3   Thumb Code   114  mqttserializepublish.o(.text)
    MQTTSerialize_puback                     0x08006755   Thumb Code    24  mqttserializepublish.o(.text)
    MQTTSerialize_pubrel                     0x0800676d   Thumb Code    26  mqttserializepublish.o(.text)
    MQTTSerialize_pubcomp                    0x08006787   Thumb Code    24  mqttserializepublish.o(.text)
    MQTTSerialize_subscribeLength            0x0800679f   Thumb Code    46  mqttsubscribeclient.o(.text)
    MQTTSerialize_subscribe                  0x080067cd   Thumb Code   176  mqttsubscribeclient.o(.text)
    MQTTDeserialize_suback                   0x0800687d   Thumb Code   146  mqttsubscribeclient.o(.text)
    tolower                                  0x0800690f   Thumb Code    12  tolower.o(.text)
    rand                                     0x0800691d   Thumb Code    20  rand.o(.text)
    srand                                    0x08006931   Thumb Code     6  rand.o(.text)
    __aeabi_memcpy                           0x08006941   Thumb Code    36  memcpya.o(.text)
    __aeabi_memcpy4                          0x08006941   Thumb Code     0  memcpya.o(.text)
    __aeabi_memcpy8                          0x08006941   Thumb Code     0  memcpya.o(.text)
    __aeabi_memset                           0x08006965   Thumb Code    14  memseta.o(.text)
    __aeabi_memset4                          0x08006965   Thumb Code     0  memseta.o(.text)
    __aeabi_memset8                          0x08006965   Thumb Code     0  memseta.o(.text)
    __aeabi_memclr                           0x08006973   Thumb Code     4  memseta.o(.text)
    __aeabi_memclr4                          0x08006973   Thumb Code     0  memseta.o(.text)
    __aeabi_memclr8                          0x08006973   Thumb Code     0  memseta.o(.text)
    _memset$wrapper                          0x08006977   Thumb Code    18  memseta.o(.text)
    strcat                                   0x08006989   Thumb Code    24  strcat.o(.text)
    strstr                                   0x080069a1   Thumb Code    36  strstr.o(.text)
    strncpy                                  0x080069c5   Thumb Code    24  strncpy.o(.text)
    strchr                                   0x080069dd   Thumb Code    20  strchr.o(.text)
    strlen                                   0x080069f1   Thumb Code    14  strlen.o(.text)
    strcmp                                   0x080069ff   Thumb Code    28  strcmp.o(.text)
    strcpy                                   0x08006a1b   Thumb Code    18  strcpy.o(.text)
    strncmp                                  0x08006a2d   Thumb Code    30  strncmp.o(.text)
    strtok                                   0x08006a4d   Thumb Code    62  strtok.o(.text)
    __aeabi_dadd                             0x08006a91   Thumb Code   322  dadd.o(.text)
    __aeabi_dsub                             0x08006bd3   Thumb Code     6  dadd.o(.text)
    __aeabi_drsub                            0x08006bd9   Thumb Code     6  dadd.o(.text)
    __aeabi_dmul                             0x08006bdf   Thumb Code   228  dmul.o(.text)
    __aeabi_i2f                              0x08006cc3   Thumb Code    18  fflti.o(.text)
    __aeabi_ui2f                             0x08006cd5   Thumb Code    10  ffltui.o(.text)
    __aeabi_i2d                              0x08006cdf   Thumb Code    34  dflti.o(.text)
    __aeabi_d2iz                             0x08006d01   Thumb Code    62  dfixi.o(.text)
    __aeabi_f2d                              0x08006d3f   Thumb Code    38  f2d.o(.text)
    __aeabi_cdcmpeq                          0x08006d65   Thumb Code     0  cdcmple.o(.text)
    __aeabi_cdcmple                          0x08006d65   Thumb Code    48  cdcmple.o(.text)
    __aeabi_cdrcmple                         0x08006d95   Thumb Code    48  cdrcmple.o(.text)
    __aeabi_uidiv                            0x08006dc5   Thumb Code     0  uidiv.o(.text)
    __aeabi_uidivmod                         0x08006dc5   Thumb Code    44  uidiv.o(.text)
    __aeabi_uldivmod                         0x08006df1   Thumb Code    98  uldiv.o(.text)
    __aeabi_llsl                             0x08006e53   Thumb Code    30  llshl.o(.text)
    _ll_shift_l                              0x08006e53   Thumb Code     0  llshl.o(.text)
    __aeabi_llsr                             0x08006e71   Thumb Code    32  llushr.o(.text)
    _ll_ushift_r                             0x08006e71   Thumb Code     0  llushr.o(.text)
    __aeabi_lasr                             0x08006e91   Thumb Code    36  llsshr.o(.text)
    _ll_sshift_r                             0x08006e91   Thumb Code     0  llsshr.o(.text)
    __I$use$fp                               0x08006eb5   Thumb Code     0  iusefp.o(.text)
    _float_round                             0x08006eb5   Thumb Code    18  fepilogue.o(.text)
    _float_epilogue                          0x08006ec7   Thumb Code    92  fepilogue.o(.text)
    _double_round                            0x08006f23   Thumb Code    30  depilogue.o(.text)
    _double_epilogue                         0x08006f41   Thumb Code   156  depilogue.o(.text)
    __aeabi_ddiv                             0x08006fdd   Thumb Code   222  ddiv.o(.text)
    __ARM_scalbn                             0x080070bb   Thumb Code    46  dscalb.o(.text)
    scalbn                                   0x080070bb   Thumb Code     0  dscalb.o(.text)
    __aeabi_d2ulz                            0x080070e9   Thumb Code    48  dfixul.o(.text)
    __scatterload                            0x08007119   Thumb Code    28  init.o(.text)
    __scatterload_rt2                        0x08007119   Thumb Code     0  init.o(.text)
    _dsqrt                                   0x0800713d   Thumb Code   162  dsqrt.o(.text)
    __0printf                                0x080071e1   Thumb Code    22  printfa.o(i.__0printf)
    __1printf                                0x080071e1   Thumb Code     0  printfa.o(i.__0printf)
    __2printf                                0x080071e1   Thumb Code     0  printfa.o(i.__0printf)
    __c89printf                              0x080071e1   Thumb Code     0  printfa.o(i.__0printf)
    printf                                   0x080071e1   Thumb Code     0  printfa.o(i.__0printf)
    __0sprintf                               0x08007201   Thumb Code    34  printfa.o(i.__0sprintf)
    __1sprintf                               0x08007201   Thumb Code     0  printfa.o(i.__0sprintf)
    __2sprintf                               0x08007201   Thumb Code     0  printfa.o(i.__0sprintf)
    __c89sprintf                             0x08007201   Thumb Code     0  printfa.o(i.__0sprintf)
    sprintf                                  0x08007201   Thumb Code     0  printfa.o(i.__0sprintf)
    __ARM_fpclassify                         0x08007229   Thumb Code    40  fpclassify.o(i.__ARM_fpclassify)
    __kernel_poly                            0x08007251   Thumb Code   170  poly.o(i.__kernel_poly)
    __mathlib_dbl_divzero                    0x080072fd   Thumb Code    12  dunder.o(i.__mathlib_dbl_divzero)
    __mathlib_dbl_infnan2                    0x0800730d   Thumb Code     4  dunder.o(i.__mathlib_dbl_infnan2)
    __mathlib_dbl_invalid                    0x08007311   Thumb Code    12  dunder.o(i.__mathlib_dbl_invalid)
    __mathlib_dbl_overflow                   0x0800731d   Thumb Code    14  dunder.o(i.__mathlib_dbl_overflow)
    __mathlib_dbl_underflow                  0x0800732d   Thumb Code    10  dunder.o(i.__mathlib_dbl_underflow)
    __scatterload_copy                       0x0800733d   Thumb Code    14  handlers.o(i.__scatterload_copy)
    __scatterload_null                       0x0800734b   Thumb Code     2  handlers.o(i.__scatterload_null)
    __scatterload_zeroinit                   0x0800734d   Thumb Code    14  handlers.o(i.__scatterload_zeroinit)
    __set_errno                              0x0800735d   Thumb Code     6  errno.o(i.__set_errno)
    floor                                    0x08007c05   Thumb Code   204  floor.o(i.floor)
    free                                     0x08007ce1   Thumb Code    76  malloc.o(i.free)
    malloc                                   0x08007d31   Thumb Code    92  malloc.o(i.malloc)
    pow                                      0x08007d9d   Thumb Code  2478  pow.o(i.pow)
    sqrt                                     0x08008755   Thumb Code    76  sqrt.o(i.sqrt)
    __mathlib_zero                           0x080088e0   Data           8  qnan.o(.constdata)
    Region$$Table$$Base                      0x0800892c   Number         0  anon$$obj.o(Region$$Table)
    Region$$Table$$Limit                     0x0800894c   Number         0  anon$$obj.o(Region$$Table)
    domain_ip                                0x20000000   Data           4  main.o(.data)
    domain_name                              0x20000004   Data          18  main.o(.data)
    SystemCoreClock                          0x20000020   Data           4  system_stm32f10x.o(.data)
    AHBPrescTable                            0x20000024   Data          16  system_stm32f10x.o(.data)
    txsize                                   0x20000056   Data           8  device.o(.data)
    rxsize                                   0x2000005e   Data           8  device.o(.data)
    __stdout                                 0x20000080   Data           4  stdout.o(.data)
    __microlib_freelist                      0x20000084   Data           4  mvars.o(.data)
    __microlib_freelist_initialised          0x20000088   Data           4  mvars.o(.data)
    buffer                                   0x20000090   Data        2048  main.o(.bss)
    ConfigMsg                                0x200009dc   Data          33  device.o(.bss)
    RecvMsg                                  0x200009fd   Data          33  device.o(.bss)
    pub_buf                                  0x20000a1e   Data        1460  device.o(.bss)
    USART_RX_BUF                             0x20000fd2   Data         200  usart.o(.bss)
    __heap_base                              0x20001168   Data           0  startup_stm32f10x_hd.o(HEAP)
    __heap_limit                             0x20001368   Data           0  startup_stm32f10x_hd.o(HEAP)
    __initial_sp                             0x20001768   Data           0  startup_stm32f10x_hd.o(STACK)



==============================================================================

Memory Map of the image

  Image Entry point : 0x08000131

  Load Region LR_IROM1 (Base: 0x08000000, Size: 0x000089dc, Max: 0x00040000, ABSOLUTE)

    Execution Region ER_IROM1 (Base: 0x08000000, Size: 0x0000894c, Max: 0x00040000, ABSOLUTE)

    Base Addr    Size         Type   Attr      Idx    E Section Name        Object

    0x08000000   0x00000130   Data   RO          208    RESET               startup_stm32f10x_hd.o
    0x08000130   0x00000000   Code   RO          917  * .ARM.Collect$$$$00000000  mc_w.l(entry.o)
    0x08000130   0x00000004   Code   RO         1289    .ARM.Collect$$$$00000001  mc_w.l(entry2.o)
    0x08000134   0x00000004   Code   RO         1292    .ARM.Collect$$$$00000004  mc_w.l(entry5.o)
    0x08000138   0x00000000   Code   RO         1294    .ARM.Collect$$$$00000008  mc_w.l(entry7b.o)
    0x08000138   0x00000000   Code   RO         1296    .ARM.Collect$$$$0000000A  mc_w.l(entry8b.o)
    0x08000138   0x00000008   Code   RO         1297    .ARM.Collect$$$$0000000B  mc_w.l(entry9a.o)
    0x08000140   0x00000000   Code   RO         1299    .ARM.Collect$$$$0000000D  mc_w.l(entry10a.o)
    0x08000140   0x00000000   Code   RO         1301    .ARM.Collect$$$$0000000F  mc_w.l(entry11a.o)
    0x08000140   0x00000004   Code   RO         1290    .ARM.Collect$$$$00002712  mc_w.l(entry2.o)
    0x08000144   0x000000ac   Code   RO            1    .text               main.o
    0x080001f0   0x000001b4   Code   RO          147    .text               stm32f10x_it.o
    0x080003a4   0x00000024   Code   RO          209    .text               startup_stm32f10x_hd.o
    0x080003c8   0x000001e0   Code   RO          213    .text               system_stm32f10x.o
    0x080005a8   0x000000dc   Code   RO          250    .text               misc.o
    0x08000684   0x0000035c   Code   RO          298    .text               stm32f10x_gpio.o
    0x080009e0   0x000003a4   Code   RO          322    .text               stm32f10x_rcc.o
    0x08000d84   0x0000030c   Code   RO          336    .text               stm32f10x_spi.o
    0x08001090   0x00000e1a   Code   RO          348    .text               stm32f10x_tim.o
    0x08001eaa   0x00000002   PAD
    0x08001eac   0x00000408   Code   RO          360    .text               stm32f10x_usart.o
    0x080022b4   0x000005cc   Code   RO          384    .text               w5500.o
    0x08002880   0x00000270   Code   RO          412    .text               24c16.o
    0x08002af0   0x000006b8   Code   RO          520    .text               socket.o
    0x080031a8   0x000000fc   Code   RO          549    .text               spi2.o
    0x080032a4   0x000002ac   Code   RO          567    .text               ult.o
    0x08003550   0x00000394   Code   RO          617    .text               device.o
    0x080038e4   0x000001f4   Code   RO          643    .text               usart.o
    0x08003ad8   0x00000578   Code   RO          663    .text               mqtt.o
    0x08004050   0x000001fc   Code   RO          707    .text               transport.o
    0x0800424c   0x00001a80   Code   RO          723    .text               cjson.o
    0x08005ccc   0x000000ec   Code   RO          762    .text               dht11.o
    0x08005db8   0x000002c4   Code   RO          777    .text               mqttconnectclient.o
    0x0800607c   0x00000194   Code   RO          801    .text               mqttdeserializepublish.o
    0x08006210   0x00000400   Code   RO          829    .text               mqttpacket.o
    0x08006610   0x0000018e   Code   RO          843    .text               mqttserializepublish.o
    0x0800679e   0x00000170   Code   RO          855    .text               mqttsubscribeclient.o
    0x0800690e   0x0000000c   Code   RO          920    .text               mc_w.l(tolower.o)
    0x0800691a   0x00000002   PAD
    0x0800691c   0x00000024   Code   RO          922    .text               mc_w.l(rand.o)
    0x08006940   0x00000024   Code   RO          925    .text               mc_w.l(memcpya.o)
    0x08006964   0x00000024   Code   RO          927    .text               mc_w.l(memseta.o)
    0x08006988   0x00000018   Code   RO          929    .text               mc_w.l(strcat.o)
    0x080069a0   0x00000024   Code   RO          931    .text               mc_w.l(strstr.o)
    0x080069c4   0x00000018   Code   RO          933    .text               mc_w.l(strncpy.o)
    0x080069dc   0x00000014   Code   RO          935    .text               mc_w.l(strchr.o)
    0x080069f0   0x0000000e   Code   RO          937    .text               mc_w.l(strlen.o)
    0x080069fe   0x0000001c   Code   RO          939    .text               mc_w.l(strcmp.o)
    0x08006a1a   0x00000012   Code   RO          943    .text               mc_w.l(strcpy.o)
    0x08006a2c   0x0000001e   Code   RO          945    .text               mc_w.l(strncmp.o)
    0x08006a4a   0x00000002   PAD
    0x08006a4c   0x00000044   Code   RO          947    .text               mc_w.l(strtok.o)
    0x08006a90   0x0000014e   Code   RO         1244    .text               mf_w.l(dadd.o)
    0x08006bde   0x000000e4   Code   RO         1246    .text               mf_w.l(dmul.o)
    0x08006cc2   0x00000012   Code   RO         1248    .text               mf_w.l(fflti.o)
    0x08006cd4   0x0000000a   Code   RO         1250    .text               mf_w.l(ffltui.o)
    0x08006cde   0x00000022   Code   RO         1252    .text               mf_w.l(dflti.o)
    0x08006d00   0x0000003e   Code   RO         1254    .text               mf_w.l(dfixi.o)
    0x08006d3e   0x00000026   Code   RO         1256    .text               mf_w.l(f2d.o)
    0x08006d64   0x00000030   Code   RO         1258    .text               mf_w.l(cdcmple.o)
    0x08006d94   0x00000030   Code   RO         1260    .text               mf_w.l(cdrcmple.o)
    0x08006dc4   0x0000002c   Code   RO         1304    .text               mc_w.l(uidiv.o)
    0x08006df0   0x00000062   Code   RO         1306    .text               mc_w.l(uldiv.o)
    0x08006e52   0x0000001e   Code   RO         1308    .text               mc_w.l(llshl.o)
    0x08006e70   0x00000020   Code   RO         1310    .text               mc_w.l(llushr.o)
    0x08006e90   0x00000024   Code   RO         1312    .text               mc_w.l(llsshr.o)
    0x08006eb4   0x00000000   Code   RO         1323    .text               mc_w.l(iusefp.o)
    0x08006eb4   0x0000006e   Code   RO         1324    .text               mf_w.l(fepilogue.o)
    0x08006f22   0x000000ba   Code   RO         1326    .text               mf_w.l(depilogue.o)
    0x08006fdc   0x000000de   Code   RO         1328    .text               mf_w.l(ddiv.o)
    0x080070ba   0x0000002e   Code   RO         1330    .text               mf_w.l(dscalb.o)
    0x080070e8   0x00000030   Code   RO         1332    .text               mf_w.l(dfixul.o)
    0x08007118   0x00000024   Code   RO         1334    .text               mc_w.l(init.o)
    0x0800713c   0x000000a2   Code   RO         1336    .text               mf_w.l(dsqrt.o)
    0x080071de   0x00000002   PAD
    0x080071e0   0x00000020   Code   RO         1188    i.__0printf         mc_w.l(printfa.o)
    0x08007200   0x00000028   Code   RO         1190    i.__0sprintf        mc_w.l(printfa.o)
    0x08007228   0x00000028   Code   RO         1276    i.__ARM_fpclassify  m_ws.l(fpclassify.o)
    0x08007250   0x000000aa   Code   RO         1278    i.__kernel_poly     m_ws.l(poly.o)
    0x080072fa   0x00000002   PAD
    0x080072fc   0x00000010   Code   RO         1262    i.__mathlib_dbl_divzero  m_ws.l(dunder.o)
    0x0800730c   0x00000004   Code   RO         1264    i.__mathlib_dbl_infnan2  m_ws.l(dunder.o)
    0x08007310   0x0000000c   Code   RO         1265    i.__mathlib_dbl_invalid  m_ws.l(dunder.o)
    0x0800731c   0x0000000e   Code   RO         1266    i.__mathlib_dbl_overflow  m_ws.l(dunder.o)
    0x0800732a   0x00000002   PAD
    0x0800732c   0x00000010   Code   RO         1268    i.__mathlib_dbl_underflow  m_ws.l(dunder.o)
    0x0800733c   0x0000000e   Code   RO         1340    i.__scatterload_copy  mc_w.l(handlers.o)
    0x0800734a   0x00000002   Code   RO         1341    i.__scatterload_null  mc_w.l(handlers.o)
    0x0800734c   0x0000000e   Code   RO         1342    i.__scatterload_zeroinit  mc_w.l(handlers.o)
    0x0800735a   0x00000002   PAD
    0x0800735c   0x0000000c   Code   RO         1318    i.__set_errno       mc_w.l(errno.o)
    0x08007368   0x00000164   Code   RO         1195    i._fp_digits        mc_w.l(printfa.o)
    0x080074cc   0x000006dc   Code   RO         1196    i._printf_core      mc_w.l(printfa.o)
    0x08007ba8   0x00000024   Code   RO         1197    i._printf_post_padding  mc_w.l(printfa.o)
    0x08007bcc   0x0000002e   Code   RO         1198    i._printf_pre_padding  mc_w.l(printfa.o)
    0x08007bfa   0x0000000a   Code   RO         1200    i._sputc            mc_w.l(printfa.o)
    0x08007c04   0x000000dc   Code   RO          904    i.floor             m_ws.l(floor.o)
    0x08007ce0   0x00000050   Code   RO         1216    i.free              mc_w.l(malloc.o)
    0x08007d30   0x0000006c   Code   RO         1217    i.malloc            mc_w.l(malloc.o)
    0x08007d9c   0x000009b8   Code   RO          908    i.pow               m_ws.l(pow.o)
    0x08008754   0x0000004c   Code   RO         1282    i.sqrt              m_ws.l(sqrt.o)
    0x080087a0   0x000000b0   Data   RO          664    .constdata          mqtt.o
    0x08008850   0x00000007   Data   RO          724    .constdata          cjson.o
    0x08008857   0x00000001   PAD
    0x08008858   0x00000088   Data   RO          909    .constdata          m_ws.l(pow.o)
    0x080088e0   0x00000008   Data   RO         1280    .constdata          m_ws.l(qnan.o)
    0x080088e8   0x00000042   Data   RO          645    .conststring        usart.o
    0x0800892a   0x00000002   PAD
    0x0800892c   0x00000020   Data   RO         1338    Region$$Table       anon$$obj.o


    Execution Region RW_IRAM1 (Base: 0x20000000, Size: 0x00001768, Max: 0x0000c000, ABSOLUTE)

    Base Addr    Size         Type   Attr      Idx    E Section Name        Object

    0x20000000   0x00000016   Data   RW            3    .data               main.o
    0x20000016   0x00000002   PAD
    0x20000018   0x00000008   Data   RW          149    .data               stm32f10x_it.o
    0x20000020   0x00000014   Data   RW          214    .data               system_stm32f10x.o
    0x20000034   0x00000014   Data   RW          323    .data               stm32f10x_rcc.o
    0x20000048   0x00000008   Data   RW          386    .data               w5500.o
    0x20000050   0x00000002   Data   RW          521    .data               socket.o
    0x20000052   0x00000004   Data   RW          568    .data               ult.o
    0x20000056   0x00000010   Data   RW          619    .data               device.o
    0x20000066   0x00000002   PAD
    0x20000068   0x0000000c   Data   RW          725    .data               cjson.o
    0x20000074   0x00000004   Data   RW          830    .data               mqttpacket.o
    0x20000078   0x00000004   Data   RW          923    .data               mc_w.l(rand.o)
    0x2000007c   0x00000004   Data   RW          948    .data               mc_w.l(strtok.o)
    0x20000080   0x00000004   Data   RW         1303    .data               mc_w.l(stdout.o)
    0x20000084   0x00000004   Data   RW         1314    .data               mc_w.l(mvars.o)
    0x20000088   0x00000004   Data   RW         1315    .data               mc_w.l(mvars.o)
    0x2000008c   0x00000004   Data   RW         1319    .data               mc_w.l(errno.o)
    0x20000090   0x000008c8   Zero   RW            2    .bss                main.o
    0x20000958   0x00000064   Zero   RW          148    .bss                stm32f10x_it.o
    0x200009bc   0x00000020   Zero   RW          385    .bss                w5500.o
    0x200009dc   0x000005f6   Zero   RW          618    .bss                device.o
    0x20000fd2   0x00000190   Zero   RW          644    .bss                usart.o
    0x20001162   0x00000006   PAD
    0x20001168   0x00000200   Zero   RW          207    HEAP                startup_stm32f10x_hd.o
    0x20001368   0x00000400   Zero   RW          206    STACK               startup_stm32f10x_hd.o


==============================================================================

Image component sizes


      Code (inc. data)   RO Data    RW Data    ZI Data      Debug   Object Name

       624          4          0          0          0       3691   24c16.o
      6784        208          7         12          0      23124   cjson.o
         0          0          0          0          0         32   core_cm3.o
       916        110          0         16       1526       5143   device.o
       236          6          0          0          0       1264   dht11.o
       172         74          0         22       2248     263106   main.o
         0          0          0          0          0       3468   md5.o
       220         22          0          0          0       1697   misc.o
      1400        460        176          0          0       6735   mqtt.o
       708         18          0          0          0       2878   mqttconnectclient.o
       404         88          0          0          0       1998   mqttdeserializepublish.o
      1024         12          0          4          0       5848   mqttpacket.o
       398          0          0          0          0       2586   mqttserializepublish.o
       368          0          0          0          0       2259   mqttsubscribeclient.o
      1720         64          0          2          0       5214   socket.o
       252         10          0          0          0        944   spi2.o
        36          8        304          0       1536        776   startup_stm32f10x_hd.o
       860         38          0          0          0       5545   stm32f10x_gpio.o
       436        174          0          8        100       1734   stm32f10x_it.o
       932         36          0         20          0       8688   stm32f10x_rcc.o
       780         14          0          0          0       6426   stm32f10x_spi.o
      3610         88          0          0          0      22032   stm32f10x_tim.o
      1032         22          0          0          0       8268   stm32f10x_usart.o
       480         38          0         20          0       1727   system_stm32f10x.o
       508        188          0          0          0       1990   transport.o
       684         14          0          4          0     208221   ult.o
       500         52         66          0        400       2130   usart.o
      1484         70          0          8         32       8916   w5500.o

    ----------------------------------------------------------------------
     26570       1818        588        120       5848     606440   Object Totals
         0          0         32          0          0          0   (incl. Generated)
         2          0          3          4          6          0   (incl. Padding)

    ----------------------------------------------------------------------

      Code (inc. data)   RO Data    RW Data    ZI Data      Debug   Library Member Name

        62         10          0          0          0        340   dunder.o
       220         16          0          0          0         84   floor.o
        40          0          0          0          0         68   fpclassify.o
       170          0          0          0          0         96   poly.o
      2488        190        136          0          0        300   pow.o
         0          0          8          0          0          0   qnan.o
        76          0          0          0          0         84   sqrt.o
         0          0          0          0          0          0   entry.o
         0          0          0          0          0          0   entry10a.o
         0          0          0          0          0          0   entry11a.o
         8          4          0          0          0          0   entry2.o
         4          0          0          0          0          0   entry5.o
         0          0          0          0          0          0   entry7b.o
         0          0          0          0          0          0   entry8b.o
         8          4          0          0          0          0   entry9a.o
        12          6          0          4          0         68   errno.o
        30          0          0          0          0          0   handlers.o
        36          8          0          0          0         68   init.o
         0          0          0          0          0          0   iusefp.o
        30          0          0          0          0         68   llshl.o
        36          0          0          0          0         68   llsshr.o
        32          0          0          0          0         68   llushr.o
       188         20          0          0          0        160   malloc.o
        36          0          0          0          0         68   memcpya.o
        36          0          0          0          0        108   memseta.o
         0          0          0          8          0          0   mvars.o
      2276         96          0          0          0        596   printfa.o
        36         10          0          4          0        136   rand.o
         0          0          0          4          0          0   stdout.o
        24          0          0          0          0         68   strcat.o
        20          0          0          0          0         68   strchr.o
        28          0          0          0          0         76   strcmp.o
        18          0          0          0          0         68   strcpy.o
        14          0          0          0          0         68   strlen.o
        30          0          0          0          0         80   strncmp.o
        24          0          0          0          0         76   strncpy.o
        36          0          0          0          0         80   strstr.o
        68          6          0          4          0         80   strtok.o
        12          0          0          0          0         68   tolower.o
        44          0          0          0          0         80   uidiv.o
        98          0          0          0          0         92   uldiv.o
        48          0          0          0          0         68   cdcmple.o
        48          0          0          0          0         68   cdrcmple.o
       334          0          0          0          0        148   dadd.o
       222          0          0          0          0        100   ddiv.o
       186          0          0          0          0        176   depilogue.o
        62          0          0          0          0         80   dfixi.o
        48          0          0          0          0         68   dfixul.o
        34          0          0          0          0         76   dflti.o
       228          0          0          0          0         96   dmul.o
        46          0          0          0          0         80   dscalb.o
       162          0          0          0          0        100   dsqrt.o
        38          0          0          0          0         68   f2d.o
       110          0          0          0          0        168   fepilogue.o
        18          0          0          0          0         68   fflti.o
        10          0          0          0          0         68   ffltui.o

    ----------------------------------------------------------------------
      7846        370        144         24          0       4716   Library Totals
        12          0          0          0          0          0   (incl. Padding)

    ----------------------------------------------------------------------

      Code (inc. data)   RO Data    RW Data    ZI Data      Debug   Library Name

      3056        216        144          0          0        972   m_ws.l
      3184        154          0         24          0       2312   mc_w.l
      1594          0          0          0          0       1432   mf_w.l

    ----------------------------------------------------------------------
      7846        370        144         24          0       4716   Library Totals

    ----------------------------------------------------------------------

==============================================================================


      Code (inc. data)   RO Data    RW Data    ZI Data      Debug   

     34416       2188        732        144       5848     606368   Grand Totals
     34416       2188        732        144       5848     606368   ELF Image Totals
     34416       2188        732        144          0          0   ROM Totals

==============================================================================

    Total RO  Size (Code + RO Data)                35148 (  34.32kB)
    Total RW  Size (RW Data + ZI Data)              5992 (   5.85kB)
    Total ROM Size (Code + RO Data + RW Data)      35292 (  34.46kB)

==============================================================================

