<html>
<body>
<pre>
<h1>µVision Build Log</h1>
<h2>Tool Versions:</h2>
IDE-Version: ¦ÌVision V5.14.0.0
Copyright (C) 2015 ARM Ltd and ARM Germany GmbH. All rights reserved.
License Information: ll ll, ll, LIC=4ZLPC-7CHJQ-MQW0F-6QI5T-BCKL0-U5JN0
 
Tool Versions:
Toolchain:       MDK-ARM Professional  Version: 5.14.0.0
Toolchain Path:  C:\Keil_v5\ARM\ARMCC\Bin
C Compiler:      Armcc.exe V5.05 update 1 (build 106)
Assembler:       Armasm.exe V5.05 update 1 (build 106)
Linker/Locator:  ArmLink.exe V5.05 update 1 (build 106)
Library Manager: ArmAr.exe V5.05 update 1 (build 106)
Hex Converter:   FromElf.exe V5.05 update 1 (build 106)
CPU DLL:         SARMCM3.DLL V5.14.0.0
Dialog DLL:      DARMSTM.DLL V1.65.0.0
Target DLL:      Segger\JL2CM3.dll V2.99.13.0
Dialog DLL:      TARMSTM.DLL V1.64.0.0
 
<h2>Project:</h2>
Z:\home\leon\Downloads\STM32F103%2bW5500_MQTT\TCP_Client.uvproj
Project File Date:  01/08/2017

<h2>Output:</h2>
Rebuild target 'Target 1'
compiling main.c...
compiling stm32f10x_it.c...
compiling core_cm3.c...
assembling startup_stm32f10x_hd.s...
compiling system_stm32f10x.c...
compiling misc.c...
compiling stm32f10x_bkp.c...
compiling stm32f10x_exti.c...
compiling stm32f10x_flash.c...
compiling stm32f10x_gpio.c...
compiling stm32f10x_i2c.c...
compiling stm32f10x_rcc.c...
compiling stm32f10x_spi.c...
compiling stm32f10x_tim.c...
compiling stm32f10x_usart.c...
compiling stm32f10x_wwdg.c...
compiling w5500.c...
compiling 24c16.c...
compiling md5.c...
compiling socket.c...
compiling spi2.c...
compiling ult.c...
compiling device.c...
compiling usart.c...
compiling mqtt.c...
word\MQTT\mqtt.c(26): warning:  #177-D: variable "BUFLEN" was declared but never referenced
        int BUFLEN = sizeof(BUF);
word\MQTT\mqtt.c: 1 warning, 0 errors
compiling transport.c...
compiling cJSON.c...
word\MQTT\cJSON.c(30): warning:  #1293-D: assignment in condition
        if (!(copy = (char*)cJSON_malloc(len))) 
word\MQTT\cJSON.c(254): warning:  #1293-D: assignment in condition
        ptr=str;while ((token=*ptr) && ++len) {if (strchr("\"\\\b\f\n\r\t",token)) len++; else if (token<32) len+=5;ptr++;}
word\MQTT\cJSON.c(328): warning:  #111-D: statement is unreachable
        return p.buffer;
word\MQTT\cJSON.c(399): warning:  #1293-D: assignment in condition
                if (!(new_item=cJSON_New_Item())) return 0;     /* memory fail */
word\MQTT\cJSON.c(511): warning:  #1293-D: assignment in condition
                if (!(new_item=cJSON_New_Item()))       return 0; /* memory fail */
word\MQTT\cJSON.c: 5 warnings, 0 errors
compiling dht11.c...
compiling MQTTConnectClient.c...
compiling MQTTConnectServer.c...
compiling MQTTDeserializePublish.c...
compiling MQTTFormat.c...
word\MQTT\MQTTFormat.c(122): warning:  #550-D: variable "strindex" was set but never used
        int strindex = 0;
word\MQTT\MQTTFormat.c(200): warning:  #550-D: variable "rc" was set but never used
                int rc;
word\MQTT\MQTTFormat.c(190): warning:  #550-D: variable "strindex" was set but never used
        int strindex = 0;
word\MQTT\MQTTFormat.c: 3 warnings, 0 errors
compiling MQTTPacket.c...
compiling MQTTSerializePublish.c...
compiling MQTTSubscribeClient.c...
compiling MQTTSubscribeServer.c...
compiling MQTTUnsubscribeClient.c...
compiling MQTTUnsubscribeServer.c...
linking...
Program Size: Code=34416 RO-data=732 RW-data=144 ZI-data=5848  
FromELF: creating hex file...
After Build - User command #1: fromelf.exe --bin --output ./output/TCP_Client.bin ./output/TCP_Client.axf
".\output\TCP_Client.axf" - 0 Error(s), 9 Warning(s).
</pre>
</body>
</html>
